../App/Src/sensor_manager.c:83:13:BuildDefaultConfig	24	static
../App/Src/sensor_manager.c:92:6:Sensor_Init	24	static
../App/Src/sensor_manager.c:110:6:Sensor_Update	24	static
../App/Src/sensor_manager.c:116:6:Sensor_CommitConfig	8	static
../App/Src/sensor_manager.c:124:7:Sensor_GetValue	16	static
../App/Src/sensor_manager.c:132:7:Sensor_GetRef	16	static
../App/Src/sensor_manager.c:140:7:Sensor_GetMargin	16	static
../App/Src/sensor_manager.c:148:9:Sensor_GetPortIncrease	16	static
../App/Src/sensor_manager.c:156:9:Sensor_GetPortDecrease	16	static
../App/Src/sensor_manager.c:164:9:Sensor_GetPinIncrease	16	static
../App/Src/sensor_manager.c:172:9:Sensor_GetPinDecrease	16	static
../App/Src/sensor_manager.c:180:9:Sensor_GetPinActivity	24	static
../App/Src/sensor_manager.c:198:8:Sensor_SetRef	16	static
../App/Src/sensor_manager.c:218:8:Sensor_SetMargin	16	static
../App/Src/sensor_manager.c:238:8:Sensor_SetPinIncrease	16	static
../App/Src/sensor_manager.c:255:8:Sensor_SetPinDecrease	16	static
