../Core/Src/main.c:76:6:BMP_Init	16	static
../Core/Src/main.c:82:6:AllSensor_Init	8	static
../Core/Src/main.c:87:6:InitializeSPI	8	static
../Core/Src/main.c:97:5:main	16	static
../Core/Src/main.c:161:6:SystemClock_Config	88	static
../Core/Src/main.c:208:13:MX_I2C2_Init	8	static
../Core/Src/main.c:242:13:MX_SPI2_Init	8	static
../Core/Src/main.c:279:13:MX_USART2_UART_Init	8	static
../Core/Src/main.c:312:13:MX_GPIO_Init	48	static
../Core/Src/main.c:368:6:HAL_SPI_TxRxCpltCallback	16	static
../Core/Src/main.c:385:6:Error_Handler	4	static,ignoring_inline_asm
