Archive member included to satisfy reference by file (symbol)

C:/ST/STM32CubeIDE/STM32CubeIDE/plugins/com.st.stm32cube.ide.mcu.externaltools.gnu-tools-for-stm32.13.3.rel1.win32_1.0.100.202509120712/tools/bin/../lib/gcc/arm-none-eabi/13.3.1/../../../../arm-none-eabi/lib/thumb/v7e-m+fp/hard\libc_nano.a(libc_a-exit.o)
                              C:/ST/STM32CubeIDE/STM32CubeIDE/plugins/com.st.stm32cube.ide.mcu.externaltools.gnu-tools-for-stm32.13.3.rel1.win32_1.0.100.202509120712/tools/bin/../lib/gcc/arm-none-eabi/13.3.1/../../../../arm-none-eabi/lib/thumb/v7e-m+fp/hard/crt0.o (exit)
C:/ST/STM32CubeIDE/STM32CubeIDE/plugins/com.st.stm32cube.ide.mcu.externaltools.gnu-tools-for-stm32.13.3.rel1.win32_1.0.100.202509120712/tools/bin/../lib/gcc/arm-none-eabi/13.3.1/../../../../arm-none-eabi/lib/thumb/v7e-m+fp/hard\libc_nano.a(libc_a-findfp.o)
                              C:/ST/STM32CubeIDE/STM32CubeIDE/plugins/com.st.stm32cube.ide.mcu.externaltools.gnu-tools-for-stm32.13.3.rel1.win32_1.0.100.202509120712/tools/bin/../lib/gcc/arm-none-eabi/13.3.1/../../../../arm-none-eabi/lib/thumb/v7e-m+fp/hard\libc_nano.a(libc_a-exit.o) (__stdio_exit_handler)
C:/ST/STM32CubeIDE/STM32CubeIDE/plugins/com.st.stm32cube.ide.mcu.externaltools.gnu-tools-for-stm32.13.3.rel1.win32_1.0.100.202509120712/tools/bin/../lib/gcc/arm-none-eabi/13.3.1/../../../../arm-none-eabi/lib/thumb/v7e-m+fp/hard\libc_nano.a(libc_a-fwalk.o)
                              C:/ST/STM32CubeIDE/STM32CubeIDE/plugins/com.st.stm32cube.ide.mcu.externaltools.gnu-tools-for-stm32.13.3.rel1.win32_1.0.100.202509120712/tools/bin/../lib/gcc/arm-none-eabi/13.3.1/../../../../arm-none-eabi/lib/thumb/v7e-m+fp/hard\libc_nano.a(libc_a-findfp.o) (_fwalk_sglue)
C:/ST/STM32CubeIDE/STM32CubeIDE/plugins/com.st.stm32cube.ide.mcu.externaltools.gnu-tools-for-stm32.13.3.rel1.win32_1.0.100.202509120712/tools/bin/../lib/gcc/arm-none-eabi/13.3.1/../../../../arm-none-eabi/lib/thumb/v7e-m+fp/hard\libc_nano.a(libc_a-stdio.o)
                              C:/ST/STM32CubeIDE/STM32CubeIDE/plugins/com.st.stm32cube.ide.mcu.externaltools.gnu-tools-for-stm32.13.3.rel1.win32_1.0.100.202509120712/tools/bin/../lib/gcc/arm-none-eabi/13.3.1/../../../../arm-none-eabi/lib/thumb/v7e-m+fp/hard\libc_nano.a(libc_a-findfp.o) (__sread)
C:/ST/STM32CubeIDE/STM32CubeIDE/plugins/com.st.stm32cube.ide.mcu.externaltools.gnu-tools-for-stm32.13.3.rel1.win32_1.0.100.202509120712/tools/bin/../lib/gcc/arm-none-eabi/13.3.1/../../../../arm-none-eabi/lib/thumb/v7e-m+fp/hard\libc_nano.a(libc_a-memset.o)
                              C:/ST/STM32CubeIDE/STM32CubeIDE/plugins/com.st.stm32cube.ide.mcu.externaltools.gnu-tools-for-stm32.13.3.rel1.win32_1.0.100.202509120712/tools/bin/../lib/gcc/arm-none-eabi/13.3.1/../../../../arm-none-eabi/lib/thumb/v7e-m+fp/hard/crt0.o (memset)
C:/ST/STM32CubeIDE/STM32CubeIDE/plugins/com.st.stm32cube.ide.mcu.externaltools.gnu-tools-for-stm32.13.3.rel1.win32_1.0.100.202509120712/tools/bin/../lib/gcc/arm-none-eabi/13.3.1/../../../../arm-none-eabi/lib/thumb/v7e-m+fp/hard\libc_nano.a(libc_a-closer.o)
                              C:/ST/STM32CubeIDE/STM32CubeIDE/plugins/com.st.stm32cube.ide.mcu.externaltools.gnu-tools-for-stm32.13.3.rel1.win32_1.0.100.202509120712/tools/bin/../lib/gcc/arm-none-eabi/13.3.1/../../../../arm-none-eabi/lib/thumb/v7e-m+fp/hard\libc_nano.a(libc_a-stdio.o) (_close_r)
C:/ST/STM32CubeIDE/STM32CubeIDE/plugins/com.st.stm32cube.ide.mcu.externaltools.gnu-tools-for-stm32.13.3.rel1.win32_1.0.100.202509120712/tools/bin/../lib/gcc/arm-none-eabi/13.3.1/../../../../arm-none-eabi/lib/thumb/v7e-m+fp/hard\libc_nano.a(libc_a-reent.o)
                              C:/ST/STM32CubeIDE/STM32CubeIDE/plugins/com.st.stm32cube.ide.mcu.externaltools.gnu-tools-for-stm32.13.3.rel1.win32_1.0.100.202509120712/tools/bin/../lib/gcc/arm-none-eabi/13.3.1/../../../../arm-none-eabi/lib/thumb/v7e-m+fp/hard\libc_nano.a(libc_a-closer.o) (errno)
C:/ST/STM32CubeIDE/STM32CubeIDE/plugins/com.st.stm32cube.ide.mcu.externaltools.gnu-tools-for-stm32.13.3.rel1.win32_1.0.100.202509120712/tools/bin/../lib/gcc/arm-none-eabi/13.3.1/../../../../arm-none-eabi/lib/thumb/v7e-m+fp/hard\libc_nano.a(libc_a-impure.o)
                              C:/ST/STM32CubeIDE/STM32CubeIDE/plugins/com.st.stm32cube.ide.mcu.externaltools.gnu-tools-for-stm32.13.3.rel1.win32_1.0.100.202509120712/tools/bin/../lib/gcc/arm-none-eabi/13.3.1/../../../../arm-none-eabi/lib/thumb/v7e-m+fp/hard\libc_nano.a(libc_a-reent.o) (_impure_ptr)
C:/ST/STM32CubeIDE/STM32CubeIDE/plugins/com.st.stm32cube.ide.mcu.externaltools.gnu-tools-for-stm32.13.3.rel1.win32_1.0.100.202509120712/tools/bin/../lib/gcc/arm-none-eabi/13.3.1/../../../../arm-none-eabi/lib/thumb/v7e-m+fp/hard\libc_nano.a(libc_a-lseekr.o)
[...]
Memory Configuration

Name             Origin             Length             Attributes
RAM              0x20000000         0x00020000         xrw
FLASH            0x08000000         0x00080000         xr
*default*        0x00000000         0xffffffff

Linker script and memory map

LOAD C:/ST/STM32CubeIDE/STM32CubeIDE/plugins/com.st.stm32cube.ide.mcu.externaltools.gnu-tools-for-stm32.13.3.rel1.win32_1.0.100.202509120712/tools/bin/../lib/gcc/arm-none-eabi/13.3.1/thumb/v7e-m+fp/hard/crti.o
LOAD C:/ST/STM32CubeIDE/STM32CubeIDE/plugins/com.st.stm32cube.ide.mcu.externaltools.gnu-tools-for-stm32.13.3.rel1.win32_1.0.100.202509120712/tools/bin/../lib/gcc/arm-none-eabi/13.3.1/thumb/v7e-m+fp/hard/crtbegin.o
LOAD C:/ST/STM32CubeIDE/STM32CubeIDE/plugins/com.st.stm32cube.ide.mcu.externaltools.gnu-tools-for-stm32.13.3.rel1.win32_1.0.100.202509120712/tools/bin/../lib/gcc/arm-none-eabi/13.3.1/../../../../arm-none-eabi/lib/thumb/v7e-m+fp/hard/crt0.o
LOAD ./App/Src/actuator_manager.o
LOAD ./App/Src/comm_manager.o
LOAD ./App/Src/config_store.o
LOAD ./App/Src/control_loop.o
LOAD ./App/Src/scheduler.o
LOAD ./App/Src/sensor_manager.o
LOAD ./BSP/Src/bmp180.o
LOAD ./BSP/Src/sensor_hw.o
LOAD ./Core/Src/main.o
LOAD ./Core/Src/stm32f4xx_hal_msp.o
LOAD ./Core/Src/stm32f4xx_it.o
LOAD ./Core/Src/syscalls.o
LOAD ./Core/Src/sysmem.o
LOAD ./Core/Src/system_stm32f4xx.o
LOAD ./Core/Startup/startup_stm32f411retx.o
LOAD ./Drivers/STM32F4xx_HAL_Driver/Src/stm32f4xx_hal.o
LOAD ./Drivers/STM32F4xx_HAL_Driver/Src/stm32f4xx_hal_cortex.o
LOAD ./Drivers/STM32F4xx_HAL_Driver/Src/stm32f4xx_hal_dma.o
LOAD ./Drivers/STM32F4xx_HAL_Driver/Src/stm32f4xx_hal_dma_ex.o
LOAD ./Drivers/STM32F4xx_HAL_Driver/Src/stm32f4xx_hal_exti.o
LOAD ./Drivers/STM32F4xx_HAL_Driver/Src/stm32f4xx_hal_flash.o
LOAD ./Drivers/STM32F4xx_HAL_Driver/Src/stm32f4xx_hal_flash_ex.o
LOAD ./Drivers/STM32F4xx_HAL_Driver/Src/stm32f4xx_hal_flash_ramfunc.o
LOAD ./Drivers/STM32F4xx_HAL_Driver/Src/stm32f4xx_hal_gpio.o
LOAD ./Drivers/STM32F4xx_HAL_Driver/Src/stm32f4xx_hal_i2c.o
LOAD ./Drivers/STM32F4xx_HAL_Driver/Src/stm32f4xx_hal_i2c_ex.o
LOAD ./Drivers/STM32F4xx_HAL_Driver/Src/stm32f4xx_hal_pwr.o
LOAD ./Drivers/STM32F4xx_HAL_Driver/Src/stm32f4xx_hal_pwr_ex.o
LOAD ./Drivers/STM32F4xx_HAL_Driver/Src/stm32f4xx_hal_rcc.o
LOAD ./Drivers/STM32F4xx_HAL_Driver/Src/stm32f4xx_hal_rcc_ex.o
LOAD ./Drivers/STM32F4xx_HAL_Driver/Src/stm32f4xx_hal_spi.o
LOAD ./Drivers/STM32F4xx_HAL_Driver/Src/stm32f4xx_hal_uart.o
START GROUP
LOAD C:/ST/STM32CubeIDE/STM32CubeIDE/plugins/com.st.stm32cube.ide.mcu.externaltools.gnu-tools-for-stm32.13.3.rel1.win32_1.0.100.202509120712/tools/bin/../lib/gcc/arm-none-eabi/13.3.1/../../../../arm-none-eabi/lib/thumb/v7e-m+fp/hard\libc_nano.a
LOAD C:/ST/STM32CubeIDE/STM32CubeIDE/plugins/com.st.stm32cube.ide.mcu.externaltools.gnu-tools-for-stm32.13.3.rel1.win32_1.0.100.202509120712/tools/bin/../lib/gcc/arm-none-eabi/13.3.1/../../../../arm-none-eabi/lib/thumb/v7e-m+fp/hard\libm.a
END GROUP
START GROUP
LOAD C:/ST/STM32CubeIDE/STM32CubeIDE/plugins/com.st.stm32cube.ide.mcu.externaltools.gnu-tools-for-stm32.13.3.rel1.win32_1.0.100.202509120712/tools/bin/../lib/gcc/arm-none-eabi/13.3.1/thumb/v7e-m+fp/hard\libgcc.a
LOAD C:/ST/STM32CubeIDE/STM32CubeIDE/plugins/com.st.stm32cube.ide.mcu.externaltools.gnu-tools-for-stm32.13.3.rel1.win32_1.0.100.202509120712/tools/bin/../lib/gcc/arm-none-eabi/13.3.1/../../../../arm-none-eabi/lib/thumb/v7e-m+fp/hard\libc_nano.a
END GROUP
START GROUP
LOAD C:/ST/STM32CubeIDE/STM32CubeIDE/plugins/com.st.stm32cube.ide.mcu.externaltools.gnu-tools-for-stm32.13.3.rel1.win32_1.0.100.202509120712/tools/bin/../lib/gcc/arm-none-eabi/13.3.1/thumb/v7e-m+fp/hard\libgcc.a
LOAD C:/ST/STM32CubeIDE/STM32CubeIDE/plugins/com.st.stm32cube.ide.mcu.externaltools.gnu-tools-for-stm32.13.3.rel1.win32_1.0.100.202509120712/tools/bin/../lib/gcc/arm-none-eabi/13.3.1/../../../../arm-none-eabi/lib/thumb/v7e-m+fp/hard\libc_nano.a
LOAD C:/ST/STM32CubeIDE/STM32CubeIDE/plugins/com.st.stm32cube.ide.mcu.externaltools.gnu-tools-for-stm32.13.3.rel1.win32_1.0.100.202509120712/tools/bin/../lib/gcc/arm-none-eabi/13.3.1/../../../../arm-none-eabi/lib/thumb/v7e-m+fp/hard\libnosys.a
END GROUP
START GROUP
LOAD C:/ST/STM32CubeIDE/STM32CubeIDE/plugins/com.st.stm32cube.ide.mcu.externaltools.gnu-tools-for-stm32.13.3.rel1.win32_1.0.100.202509120712/tools/bin/../lib/gcc/arm-none-eabi/13.3.1/thumb/v7e-m+fp/hard\libgcc.a
LOAD C:/ST/STM32CubeIDE/STM32CubeIDE/plugins/com.st.stm32cube.ide.mcu.externaltools.gnu-tools-for-stm32.13.3.rel1.win32_1.0.100.202509120712/tools/bin/../lib/gcc/arm-none-eabi/13.3.1/../../../../arm-none-eabi/lib/thumb/v7e-m+fp/hard\libc_nano.a
LOAD C:/ST/STM32CubeIDE/STM32CubeIDE/plugins/com.st.stm32cube.ide.mcu.externaltools.gnu-tools-for-stm32.13.3.rel1.win32_1.0.100.202509120712/tools/bin/../lib/gcc/arm-none-eabi/13.3.1/../../../../arm-none-eabi/lib/thumb/v7e-m+fp/hard\libnosys.a
END GROUP
LOAD C:/ST/STM32CubeIDE/STM32CubeIDE/plugins/com.st.stm32cube.ide.mcu.externaltools.gnu-tools-for-stm32.13.3.rel1.win32_1.0.100.202509120712/tools/bin/../lib/gcc/arm-none-eabi/13.3.1/thumb/v7e-m+fp/hard/crtend.o
LOAD C:/ST/STM32CubeIDE/STM32CubeIDE/plugins/com.st.stm32cube.ide.mcu.externaltools.gnu-tools-for-stm32.13.3.rel1.win32_1.0.100.202509120712/tools/bin/../lib/gcc/arm-none-eabi/13.3.1/thumb/v7e-m+fp/hard/crtn.o
                0x20020000                        _estack = (ORIGIN (RAM) + LENGTH (RAM))
                0x00000200                        _Min_Heap_Size = 0x200
                0x00000400                        _Min_Stack_Size = 0x400

.isr_vector     0x08000000      0x198
                0x08000000                        . = ALIGN (0x4)
 *(.isr_vector)
 .isr_vector    0x08000000      0x198 ./Core/Startup/startup_stm32f411retx.o
                0x08000000                g_pfnVectors
                0x08000198                        . = ALIGN (0x4)

.text           0x08000198     0x6b00
                0x08000198                        . = ALIGN (0x4)
 *(.text)
 .text          0x08000198       0x40 C:/ST/STM32CubeIDE/STM32CubeIDE/plugins/com.st.stm32cube.ide.mcu.externaltools.gnu-tools-for-stm32.13.3.rel1.win32_1.0.100.202509120712/tools/bin/../lib/gcc/arm-none-eabi/13.3.1/thumb/v7e-m+fp/hard/crtbegin.o
 .text          0x080001d8      0x378 C:/ST/STM32CubeIDE/STM32CubeIDE/plugins/com.st.stm32cube.ide.mcu.externaltools.gnu-tools-for-stm32.13.3.rel1.win32_1.0.100.202509120712/tools/bin/../lib/gcc/arm-none-eabi/13.3.1/thumb/v7e-m+fp/hard\libgcc.a(_arm_addsubdf3.o)
                0x080001d8                __aeabi_drsub
                0x080001e0                __aeabi_dsub
                0x080001e0                __subdf3
                0x080001e4                __aeabi_dadd
                0x080001e4                __adddf3
                0x0800045c                __floatunsidf
                0x0800045c                __aeabi_ui2d
                0x0800047c                __floatsidf
                0x0800047c                __aeabi_i2d
                0x080004a0                __aeabi_f2d
                0x080004a0                __extendsfdf2
                0x080004e4                __floatundidf
                0x080004e4                __aeabi_ul2d
                0x080004f4                __floatdidf
                0x080004f4                __aeabi_l2d
 .text          0x08000550      0x424 C:/ST/STM32CubeIDE/STM32CubeIDE/plugins/com.st.stm32cube.ide.mcu.externaltools.gnu-tools-for-stm32.13.3.rel1.win32_1.0.100.202509120712/tools/bin/../lib/gcc/arm-none-eabi/13.3.1/thumb/v7e-m+fp/hard\libgcc.a(_arm_muldivdf3.o)
                0x08000550                __aeabi_dmul
                0x08000550                __muldf3
                0x080007a4                __divdf3
                0x080007a4                __aeabi_ddiv
 .text          0x08000974       0xa0 C:/ST/STM32CubeIDE/STM32CubeIDE/plugins/com.st.stm32cube.ide.mcu.externaltools.gnu-tools-for-stm32.13.3.rel1.win32_1.0.100.202509120712/tools/bin/../lib/gcc/arm-none-eabi/13.3.1/thumb/v7e-m+fp/hard\libgcc.a(_arm_truncdfsf2.o)
                0x08000974                __truncdfsf2
                0x08000974                __aeabi_d2f
 .text          0x08000a14       0x30 C:/ST/STM32CubeIDE/STM32CubeIDE/plugins/com.st.stm32cube.ide.mcu.externaltools.gnu-tools-for-stm32.13.3.rel1.win32_1.0.100.202509120712/tools/bin/../lib/gcc/arm-none-eabi/13.3.1/thumb/v7e-m+fp/hard\libgcc.a(_aeabi_uldivmod.o)
                0x08000a14                __aeabi_uldivmod
 .text          0x08000a44      0x2f8 C:/ST/STM32CubeIDE/STM32CubeIDE/plugins/com.st.stm32cube.ide.mcu.externaltools.gnu-tools-for-stm32.13.3.rel1.win32_1.0.100.202509120712/tools/bin/../lib/gcc/arm-none-eabi/13.3.1/thumb/v7e-m+fp/hard\libgcc.a(_udivmoddi4.o)
                0x08000a44                __udivmoddi4
 .text          0x08000d3c        0x4 C:/ST/STM32CubeIDE/STM32CubeIDE/plugins/com.st.stm32cube.ide.mcu.externaltools.gnu-tools-for-stm32.13.3.rel1.win32_1.0.100.202509120712/tools/bin/../lib/gcc/arm-none-eabi/13.3.1/thumb/v7e-m+fp/hard\libgcc.a(_dvmd_tls.o)
                0x08000d3c                __aeabi_idiv0
                0x08000d3c                __aeabi_ldiv0
 *(.text*)
 .text.Port_From_ID
                0x08000d40       0x44 ./App/Src/actuator_manager.o
 .text.PinMask_From_Number
                0x08000d84       0x2a ./App/Src/actuator_manager.o
 .text.Set_Pin  0x08000dae       0x5a ./App/Src/actuator_manager.o
                0x08000dae                Set_Pin
 .text.Comm_PassRxBufferPtr
                0x08000e08       0x20 ./App/Src/comm_manager.o
                0x08000e08                Comm_PassRxBufferPtr
 .text.Comm_BuildSwitchMatrix
                0x08000e28       0x3e ./App/Src/comm_manager.o
 .text.Comm_CopySensorValues
                0x08000e66       0x42 ./App/Src/comm_manager.o
 .text.CRC16_CCITT
                0x08000ea8       0x80 ./App/Src/comm_manager.o
 .text.SystemSnapshot_CalculateCRC
                0x08000f28       0x1a ./App/Src/comm_manager.o
 *fill*         0x08000f42        0x2 
 .text.Comm_UpdateSPISnapshot
                0x08000f44       0x74 ./App/Src/comm_manager.o
                0x08000f44                Comm_UpdateSPISnapshot
 .text.Config_CalcCRC
                0x08000fb8       0x7c ./App/Src/config_store.o
 .text.Config_IsValid
                0x08001034       0x34 ./App/Src/config_store.o
                0x08001034                Config_IsValid
 .text.Config_Load
                0x08001068       0x20 ./App/Src/config_store.o
                0x08001068                Config_Load
 .text.Config_Save
                0x08001088       0xac ./App/Src/config_store.o
                0x08001088                Config_Save
 .text.ControlLoop_Run
                0x08001134      0x18e ./App/Src/control_loop.o
                0x08001134                ControlLoop_Run
 *fill*         0x080012c2        0x2 
 .text.SensorUpdateRoutine
                0x080012c4       0x34 ./App/Src/scheduler.o
                0x080012c4                SensorUpdateRoutine
 .text.Scheduler_Init
                0x080012f8       0x38 ./App/Src/scheduler.o
                0x080012f8                Scheduler_Init
 .text.Scheduler_Run
                0x08001330       0x68 ./App/Src/scheduler.o
                0x08001330                Scheduler_Run
 .text.BuildDefaultConfig
                0x08001398       0x70 ./App/Src/sensor_manager.o
 .text.Sensor_Init
                0x08001408       0xc8 ./App/Src/sensor_manager.o
                0x08001408                Sensor_Init
 .text.Sensor_Update
                0x080014d0       0x40 ./App/Src/sensor_manager.o
                0x080014d0                Sensor_Update
 .text.Sensor_GetValue
                0x08001510       0x38 ./App/Src/sensor_manager.o
                0x08001510                Sensor_GetValue
 .text.Sensor_GetRef
                0x08001548       0x40 ./App/Src/sensor_manager.o
                0x08001548                Sensor_GetRef
 .text.Sensor_GetMargin
                0x08001588       0x40 ./App/Src/sensor_manager.o
                0x08001588                Sensor_GetMargin
 .text.Sensor_GetPortIncrease
                0x080015c8       0x38 ./App/Src/sensor_manager.o
                0x080015c8                Sensor_GetPortIncrease
 .text.Sensor_GetPortDecrease
                0x08001600       0x38 ./App/Src/sensor_manager.o
                0x08001600                Sensor_GetPortDecrease
 .text.Sensor_GetPinIncrease
                0x08001638       0x38 ./App/Src/sensor_manager.o
                0x08001638                Sensor_GetPinIncrease
 .text.Sensor_GetPinDecrease
                0x08001670       0x38 ./App/Src/sensor_manager.o
                0x08001670                Sensor_GetPinDecrease
 .text.Sensor_GetPinActivity
                0x080016a8       0x58 ./App/Src/sensor_manager.o
                0x080016a8                Sensor_GetPinActivity
 .text.Sensor_SetPinIncrease
                0x08001700       0x5c ./App/Src/sensor_manager.o
                0x08001700                Sensor_SetPinIncrease
 .text.Sensor_SetPinDecrease
                0x0800175c       0x5c ./App/Src/sensor_manager.o
                0x0800175c                Sensor_SetPinDecrease
 .text.BMP180_Init
                0x080017b8       0x20 ./BSP/Src/bmp180.o
                0x080017b8                BMP180_Init
 .text.BMP180_SetOversampling
                0x080017d8       0x20 ./BSP/Src/bmp180.o
                0x080017d8                BMP180_SetOversampling
 .text.BMP180_UpdateCalibrationData
                0x080017f8      0x1a0 ./BSP/Src/bmp180.o
                0x080017f8                BMP180_UpdateCalibrationData
 .text.BMP180_WriteReg
                0x08001998       0x3c ./BSP/Src/bmp180.o
                0x08001998                BMP180_WriteReg
 .text.BMP180_ReadReg
                0x080019d4       0x44 ./BSP/Src/bmp180.o
                0x080019d4                BMP180_ReadReg
 .text.BMP180_GetRawTemperature
                0x08001a18       0x88 ./BSP/Src/bmp180.o
                0x08001a18                BMP180_GetRawTemperature
 .text.BMP180_GetTemperature
                0x08001aa0       0x3c ./BSP/Src/bmp180.o
                0x08001aa0                BMP180_GetTemperature
 .text.BMP180_GetPressure
                0x08001adc      0x220 ./BSP/Src/bmp180.o
                0x08001adc                BMP180_GetPressure
 .text.BMP180_GetUT
                0x08001cfc       0x1c ./BSP/Src/bmp180.o
                0x08001cfc                BMP180_GetUT
 .text.BMP180_GetUP
                0x08001d18       0x3c ./BSP/Src/bmp180.o
                0x08001d18                BMP180_GetUP
 .text.Read_Temperature
                0x08001d54       0x12 ./BSP/Src/sensor_hw.o
 *fill*         0x08001d66        0x2 
 .text.Read_Altitude
                0x08001d68       0x70 ./BSP/Src/sensor_hw.o
 .text.Read_Sensor
                0x08001dd8       0x48 ./BSP/Src/sensor_hw.o
                0x08001dd8                Read_Sensor
 .text.BMP_Init
                0x08001e20       0x20 ./Core/Src/main.o
                0x08001e20                BMP_Init
 .text.AllSensor_Init
                0x08001e40       0x14 ./Core/Src/main.o
                0x08001e40                AllSensor_Init
 .text.InitializeSPI
                0x08001e54       0x5c ./Core/Src/main.o
                0x08001e54                InitializeSPI
 .text.SPI2_ResetComm
                0x08001eb0       0xc4 ./Core/Src/main.o
                0x08001eb0                SPI2_ResetComm
 .text.main     0x08001f74       0x98 ./Core/Src/main.o
                0x08001f74                main
 .text.SystemClock_Config
                0x0800200c       0xd0 ./Core/Src/main.o
                0x0800200c                SystemClock_Config
 .text.MX_I2C2_Init
                0x080020dc       0x5c ./Core/Src/main.o
 .text.MX_SPI2_Init
                0x08002138       0x64 ./Core/Src/main.o
 .text.MX_USART2_UART_Init
                0x0800219c       0x54 ./Core/Src/main.o
 .text.MX_GPIO_Init
                0x080021f0      0x150 ./Core/Src/main.o
 .text.HAL_SPI_TxRxCpltCallback
                0x08002340       0x4c ./Core/Src/main.o
                0x08002340                HAL_SPI_TxRxCpltCallback
 .text.HAL_GPIO_EXTI_Callback
                0x0800238c       0x28 ./Core/Src/main.o
                0x0800238c                HAL_GPIO_EXTI_Callback
 .text.Error_Handler
                0x080023b4        0xc ./Core/Src/main.o
                0x080023b4                Error_Handler
 .text.HAL_MspInit
                0x080023c0       0x50 ./Core/Src/stm32f4xx_hal_msp.o
                0x080023c0                HAL_MspInit
 .text.HAL_I2C_MspInit
                0x08002410       0xb4 ./Core/Src/stm32f4xx_hal_msp.o
                0x08002410                HAL_I2C_MspInit
 .text.HAL_SPI_MspInit
                0x080024c4       0xe0 ./Core/Src/stm32f4xx_hal_msp.o
                0x080024c4                HAL_SPI_MspInit
 .text.HAL_SPI_MspDeInit
                0x080025a4       0x50 ./Core/Src/stm32f4xx_hal_msp.o
                0x080025a4                HAL_SPI_MspDeInit
 .text.HAL_UART_MspInit
                0x080025f4       0x90 ./Core/Src/stm32f4xx_hal_msp.o
                0x080025f4                HAL_UART_MspInit
 .text.NMI_Handler
                0x08002684        0x8 ./Core/Src/stm32f4xx_it.o
                0x08002684                NMI_Handler
 .text.HardFault_Handler
                0x0800268c        0x8 ./Core/Src/stm32f4xx_it.o
                0x0800268c                HardFault_Handler
 .text.MemManage_Handler
                0x08002694        0x8 ./Core/Src/stm32f4xx_it.o
                0x08002694                MemManage_Handler
 .text.BusFault_Handler
                0x0800269c        0x8 ./Core/Src/stm32f4xx_it.o
                0x0800269c                BusFault_Handler
 .text.UsageFault_Handler
                0x080026a4        0x8 ./Core/Src/stm32f4xx_it.o
                0x080026a4                UsageFault_Handler
 .text.SVC_Handler
                0x080026ac        0xe ./Core/Src/stm32f4xx_it.o
                0x080026ac                SVC_Handler
 .text.DebugMon_Handler
                0x080026ba        0xe ./Core/Src/stm32f4xx_it.o
                0x080026ba                DebugMon_Handler
 .text.PendSV_Handler
                0x080026c8        0xe ./Core/Src/stm32f4xx_it.o
                0x080026c8                PendSV_Handler
 .text.SysTick_Handler
                0x080026d6        0xc ./Core/Src/stm32f4xx_it.o
                0x080026d6                SysTick_Handler
 .text.EXTI9_5_IRQHandler
                0x080026e2        0xe ./Core/Src/stm32f4xx_it.o
                0x080026e2                EXTI9_5_IRQHandler
 .text.SPI2_IRQHandler
                0x080026f0       0x14 ./Core/Src/stm32f4xx_it.o
                0x080026f0                SPI2_IRQHandler
 .text.SystemInit
                0x08002704       0x24 ./Core/Src/system_stm32f4xx.o
                0x08002704                SystemInit
 .text.Reset_Handler
                0x08002728       0x50 ./Core/Startup/startup_stm32f411retx.o
                0x08002728                Reset_Handler
 .text.Default_Handler
                0x08002778        0x2 ./Core/Startup/startup_stm32f411retx.o
                0x08002778                RTC_Alarm_IRQHandler
                0x08002778                EXTI2_IRQHandler
                0x08002778                SPI4_IRQHandler
                0x08002778                TIM1_CC_IRQHandler
                0x08002778                DMA2_Stream5_IRQHandler
                0x08002778                DMA1_Stream5_IRQHandler
                0x08002778                PVD_IRQHandler
                0x08002778                SDIO_IRQHandler
                0x08002778                TAMP_STAMP_IRQHandler
                0x08002778                EXTI3_IRQHandler
                0x08002778                TIM1_UP_TIM10_IRQHandler
                0x08002778                I2C3_ER_IRQHandler
                0x08002778                EXTI0_IRQHandler
                0x08002778                I2C2_EV_IRQHandler
                0x08002778                DMA1_Stream2_IRQHandler
                0x08002778                FPU_IRQHandler
                0x08002778                DMA2_Stream2_IRQHandler
                0x08002778                SPI1_IRQHandler
                0x08002778                TIM1_BRK_TIM9_IRQHandler
                0x08002778                DMA2_Stream3_IRQHandler
                0x08002778                USART6_IRQHandler
                0x08002778                DMA2_Stream0_IRQHandler
                0x08002778                TIM4_IRQHandler
                0x08002778                I2C1_EV_IRQHandler
                0x08002778                DMA1_Stream6_IRQHandler
                0x08002778                DMA1_Stream1_IRQHandler
                0x08002778                TIM3_IRQHandler
                0x08002778                RCC_IRQHandler
                0x08002778                Default_Handler
                0x08002778                EXTI15_10_IRQHandler
                0x08002778                ADC_IRQHandler
                0x08002778                DMA1_Stream7_IRQHandler
                0x08002778                SPI5_IRQHandler
                0x08002778                TIM5_IRQHandler
                0x08002778                DMA2_Stream7_IRQHandler
                0x08002778                I2C3_EV_IRQHandler
                0x08002778                RTC_WKUP_IRQHandler
                0x08002778                DMA1_Stream0_IRQHandler
                0x08002778                EXTI4_IRQHandler
                0x08002778                WWDG_IRQHandler
                0x08002778                TIM2_IRQHandler
                0x08002778                OTG_FS_WKUP_IRQHandler
                0x08002778                TIM1_TRG_COM_TIM11_IRQHandler
                0x08002778                EXTI1_IRQHandler
                0x08002778                USART2_IRQHandler
                0x08002778                I2C2_ER_IRQHandler
                0x08002778                DMA2_Stream1_IRQHandler
                0x08002778                FLASH_IRQHandler
                0x08002778                DMA2_Stream4_IRQHandler
                0x08002778                USART1_IRQHandler
                0x08002778                OTG_FS_IRQHandler
                0x08002778                SPI3_IRQHandler
                0x08002778                DMA1_Stream4_IRQHandler
                0x08002778                I2C1_ER_IRQHandler
                0x08002778                DMA2_Stream6_IRQHandler
                0x08002778                DMA1_Stream3_IRQHandler
 *fill*         0x0800277a        0x2 
 .text.HAL_Init
                0x0800277c       0x44 ./Drivers/STM32F4xx_HAL_Driver/Src/stm32f4xx_hal.o
                0x0800277c                HAL_Init
 .text.HAL_InitTick
                0x080027c0       0x60 ./Drivers/STM32F4xx_HAL_Driver/Src/stm32f4xx_hal.o
                0x080027c0                HAL_InitTick
 .text.HAL_IncTick
                0x08002820       0x28 ./Drivers/STM32F4xx_HAL_Driver/Src/stm32f4xx_hal.o
                0x08002820                HAL_IncTick
 .text.HAL_GetTick
                0x08002848       0x18 ./Drivers/STM32F4xx_HAL_Driver/Src/stm32f4xx_hal.o
                0x08002848                HAL_GetTick
 .text.HAL_Delay
                0x08002860       0x48 ./Drivers/STM32F4xx_HAL_Driver/Src/stm32f4xx_hal.o
                0x08002860                HAL_Delay
 .text.__NVIC_SetPriorityGrouping
                0x080028a8       0x48 ./Drivers/STM32F4xx_HAL_Driver/Src/stm32f4xx_hal_cortex.o
 .text.__NVIC_GetPriorityGrouping
                0x080028f0       0x1c ./Drivers/STM32F4xx_HAL_Driver/Src/stm32f4xx_hal_cortex.o
 .text.__NVIC_EnableIRQ
                0x0800290c       0x3c ./Drivers/STM32F4xx_HAL_Driver/Src/stm32f4xx_hal_cortex.o
 .text.__NVIC_DisableIRQ
                0x08002948       0x48 ./Drivers/STM32F4xx_HAL_Driver/Src/stm32f4xx_hal_cortex.o
 .text.__NVIC_SetPriority
                0x08002990       0x54 ./Drivers/STM32F4xx_HAL_Driver/Src/stm32f4xx_hal_cortex.o
 .text.NVIC_EncodePriority
                0x080029e4       0x66 ./Drivers/STM32F4xx_HAL_Driver/Src/stm32f4xx_hal_cortex.o
 *fill*         0x08002a4a        0x2 
 .text.SysTick_Config
                0x08002a4c       0x44 ./Drivers/STM32F4xx_HAL_Driver/Src/stm32f4xx_hal_cortex.o
 .text.HAL_NVIC_SetPriorityGrouping
                0x08002a90       0x16 ./Drivers/STM32F4xx_HAL_Driver/Src/stm32f4xx_hal_cortex.o
                0x08002a90                HAL_NVIC_SetPriorityGrouping
 .text.HAL_NVIC_SetPriority
                0x08002aa6       0x38 ./Drivers/STM32F4xx_HAL_Driver/Src/stm32f4xx_hal_cortex.o
                0x08002aa6                HAL_NVIC_SetPriority
 .text.HAL_NVIC_EnableIRQ
                0x08002ade       0x1c ./Drivers/STM32F4xx_HAL_Driver/Src/stm32f4xx_hal_cortex.o
                0x08002ade                HAL_NVIC_EnableIRQ
 .text.HAL_NVIC_DisableIRQ
                0x08002afa       0x1c ./Drivers/STM32F4xx_HAL_Driver/Src/stm32f4xx_hal_cortex.o
                0x08002afa                HAL_NVIC_DisableIRQ
 .text.HAL_SYSTICK_Config
                0x08002b16       0x18 ./Drivers/STM32F4xx_HAL_Driver/Src/stm32f4xx_hal_cortex.o
                0x08002b16                HAL_SYSTICK_Config
 .text.HAL_DMA_Abort
                0x08002b2e       0xe0 ./Drivers/STM32F4xx_HAL_Driver/Src/stm32f4xx_hal_dma.o
                0x08002b2e                HAL_DMA_Abort
 .text.HAL_DMA_Abort_IT
                0x08002c0e       0x44 ./Drivers/STM32F4xx_HAL_Driver/Src/stm32f4xx_hal_dma.o
                0x08002c0e                HAL_DMA_Abort_IT
 *fill*         0x08002c52        0x2 
 .text.HAL_FLASH_Program
                0x08002c54       0xa4 ./Drivers/STM32F4xx_HAL_Driver/Src/stm32f4xx_hal_flash.o
                0x08002c54                HAL_FLASH_Program
 .text.HAL_FLASH_Unlock
                0x08002cf8       0x44 ./Drivers/STM32F4xx_HAL_Driver/Src/stm32f4xx_hal_flash.o
                0x08002cf8                HAL_FLASH_Unlock
 .text.HAL_FLASH_Lock
                0x08002d3c       0x20 ./Drivers/STM32F4xx_HAL_Driver/Src/stm32f4xx_hal_flash.o
                0x08002d3c                HAL_FLASH_Lock
 .text.FLASH_WaitForLastOperation
                0x08002d5c       0x80 ./Drivers/STM32F4xx_HAL_Driver/Src/stm32f4xx_hal_flash.o
                0x08002d5c                FLASH_WaitForLastOperation
 .text.FLASH_Program_DoubleWord
                0x08002ddc       0x64 ./Drivers/STM32F4xx_HAL_Driver/Src/stm32f4xx_hal_flash.o
 .text.FLASH_Program_Word
                0x08002e40       0x44 ./Drivers/STM32F4xx_HAL_Driver/Src/stm32f4xx_hal_flash.o
 .text.FLASH_Program_HalfWord
                0x08002e84       0x48 ./Drivers/STM32F4xx_HAL_Driver/Src/stm32f4xx_hal_flash.o
 .text.FLASH_Program_Byte
                0x08002ecc       0x44 ./Drivers/STM32F4xx_HAL_Driver/Src/stm32f4xx_hal_flash.o
 .text.FLASH_SetErrorCode
                0x08002f10       0xcc ./Drivers/STM32F4xx_HAL_Driver/Src/stm32f4xx_hal_flash.o
 .text.HAL_FLASHEx_Erase
                0x08002fdc       0xdc ./Drivers/STM32F4xx_HAL_Driver/Src/stm32f4xx_hal_flash_ex.o
                0x08002fdc                HAL_FLASHEx_Erase
 .text.FLASH_MassErase
                0x080030b8       0x48 ./Drivers/STM32F4xx_HAL_Driver/Src/stm32f4xx_hal_flash_ex.o
 .text.FLASH_Erase_Sector
                0x08003100       0x90 ./Drivers/STM32F4xx_HAL_Driver/Src/stm32f4xx_hal_flash_ex.o
                0x08003100                FLASH_Erase_Sector
 .text.FLASH_FlushCaches
                0x08003190       0x8c ./Drivers/STM32F4xx_HAL_Driver/Src/stm32f4xx_hal_flash_ex.o
                0x08003190                FLASH_FlushCaches
 .text.HAL_GPIO_Init
                0x0800321c      0x308 ./Drivers/STM32F4xx_HAL_Driver/Src/stm32f4xx_hal_gpio.o
                0x0800321c                HAL_GPIO_Init
 .text.HAL_GPIO_DeInit
                0x08003524      0x1c8 ./Drivers/STM32F4xx_HAL_Driver/Src/stm32f4xx_hal_gpio.o
                0x08003524                HAL_GPIO_DeInit
 .text.HAL_GPIO_ReadPin
                0x080036ec       0x30 ./Drivers/STM32F4xx_HAL_Driver/Src/stm32f4xx_hal_gpio.o
                0x080036ec                HAL_GPIO_ReadPin
 .text.HAL_GPIO_WritePin
                0x0800371c       0x32 ./Drivers/STM32F4xx_HAL_Driver/Src/stm32f4xx_hal_gpio.o
                0x0800371c                HAL_GPIO_WritePin
 .text.HAL_GPIO_TogglePin
                0x0800374e       0x34 ./Drivers/STM32F4xx_HAL_Driver/Src/stm32f4xx_hal_gpio.o
                0x0800374e                HAL_GPIO_TogglePin
 *fill*         0x08003782        0x2 
 .text.HAL_GPIO_EXTI_IRQHandler
                0x08003784       0x30 ./Drivers/STM32F4xx_HAL_Driver/Src/stm32f4xx_hal_gpio.o
                0x08003784                HAL_GPIO_EXTI_IRQHandler
 .text.HAL_I2C_Init
                0x080037b4      0x288 ./Drivers/STM32F4xx_HAL_Driver/Src/stm32f4xx_hal_i2c.o
                0x080037b4                HAL_I2C_Init
 .text.HAL_I2C_Master_Transmit
                0x08003a3c      0x1fc ./Drivers/STM32F4xx_HAL_Driver/Src/stm32f4xx_hal_i2c.o
                0x08003a3c                HAL_I2C_Master_Transmit
 .text.HAL_I2C_Master_Receive
                0x08003c38      0x464 ./Drivers/STM32F4xx_HAL_Driver/Src/stm32f4xx_hal_i2c.o
                0x08003c38                HAL_I2C_Master_Receive
 .text.HAL_I2C_IsDeviceReady
                0x0800409c      0x25c ./Drivers/STM32F4xx_HAL_Driver/Src/stm32f4xx_hal_i2c.o
                0x0800409c                HAL_I2C_IsDeviceReady
 .text.I2C_MasterRequestWrite
                0x080042f8      0x104 ./Drivers/STM32F4xx_HAL_Driver/Src/stm32f4xx_hal_i2c.o
 .text.I2C_MasterRequestRead
                0x080043fc      0x19c ./Drivers/STM32F4xx_HAL_Driver/Src/stm32f4xx_hal_i2c.o
 .text.I2C_WaitOnFlagUntilTimeout
                0x08004598       0xf4 ./Drivers/STM32F4xx_HAL_Driver/Src/stm32f4xx_hal_i2c.o
 .text.I2C_WaitOnMasterAddressFlagUntilTimeout
                0x0800468c      0x140 ./Drivers/STM32F4xx_HAL_Driver/Src/stm32f4xx_hal_i2c.o
 .text.I2C_WaitOnTXEFlagUntilTimeout
                0x080047cc       0x90 ./Drivers/STM32F4xx_HAL_Driver/Src/stm32f4xx_hal_i2c.o
 .text.I2C_WaitOnBTFFlagUntilTimeout
                0x0800485c       0x90 ./Drivers/STM32F4xx_HAL_Driver/Src/stm32f4xx_hal_i2c.o
 .text.I2C_WaitOnRXNEFlagUntilTimeout
                0x080048ec       0xba ./Drivers/STM32F4xx_HAL_Driver/Src/stm32f4xx_hal_i2c.o
 .text.I2C_IsAcknowledgeFailed
                0x080049a6       0x5e ./Drivers/STM32F4xx_HAL_Driver/Src/stm32f4xx_hal_i2c.o
 .text.HAL_RCC_OscConfig
                0x08004a04      0x4f0 ./Drivers/STM32F4xx_HAL_Driver/Src/stm32f4xx_hal_rcc.o
                0x08004a04                HAL_RCC_OscConfig
 .text.HAL_RCC_ClockConfig
                0x08004ef4      0x1cc ./Drivers/STM32F4xx_HAL_Driver/Src/stm32f4xx_hal_rcc.o
                0x08004ef4                HAL_RCC_ClockConfig
 .text.HAL_RCC_GetSysClockFreq
                0x080050c0      0x20c ./Drivers/STM32F4xx_HAL_Driver/Src/stm32f4xx_hal_rcc.o
                0x080050c0                HAL_RCC_GetSysClockFreq
 .text.HAL_RCC_GetHCLKFreq
                0x080052cc       0x18 ./Drivers/STM32F4xx_HAL_Driver/Src/stm32f4xx_hal_rcc.o
                0x080052cc                HAL_RCC_GetHCLKFreq
 .text.HAL_RCC_GetPCLK1Freq
                0x080052e4       0x28 ./Drivers/STM32F4xx_HAL_Driver/Src/stm32f4xx_hal_rcc.o
                0x080052e4                HAL_RCC_GetPCLK1Freq
 .text.HAL_RCC_GetPCLK2Freq
                0x0800530c       0x28 ./Drivers/STM32F4xx_HAL_Driver/Src/stm32f4xx_hal_rcc.o
                0x0800530c                HAL_RCC_GetPCLK2Freq
 .text.HAL_SPI_Init
                0x08005334      0x112 ./Drivers/STM32F4xx_HAL_Driver/Src/stm32f4xx_hal_spi.o
                0x08005334                HAL_SPI_Init
 .text.HAL_SPI_DeInit
                0x08005446       0x50 ./Drivers/STM32F4xx_HAL_Driver/Src/stm32f4xx_hal_spi.o
                0x08005446                HAL_SPI_DeInit
 *fill*         0x08005496        0x2 
 .text.HAL_SPI_TransmitReceive_IT
                0x08005498      0x11c ./Drivers/STM32F4xx_HAL_Driver/Src/stm32f4xx_hal_spi.o
                0x08005498                HAL_SPI_TransmitReceive_IT
 .text.HAL_SPI_Abort
                0x080055b4      0x1d8 ./Drivers/STM32F4xx_HAL_Driver/Src/stm32f4xx_hal_spi.o
                0x080055b4                HAL_SPI_Abort
 .text.HAL_SPI_IRQHandler
                0x0800578c      0x200 ./Drivers/STM32F4xx_HAL_Driver/Src/stm32f4xx_hal_spi.o
                0x0800578c                HAL_SPI_IRQHandler
 .text.HAL_SPI_RxCpltCallback
                0x0800598c       0x14 ./Drivers/STM32F4xx_HAL_Driver/Src/stm32f4xx_hal_spi.o
                0x0800598c                HAL_SPI_RxCpltCallback
 .text.HAL_SPI_ErrorCallback
                0x080059a0       0x14 ./Drivers/STM32F4xx_HAL_Driver/Src/stm32f4xx_hal_spi.o
                0x080059a0                HAL_SPI_ErrorCallback
 .text.HAL_SPI_GetState
                0x080059b4       0x1c ./Drivers/STM32F4xx_HAL_Driver/Src/stm32f4xx_hal_spi.o
                0x080059b4                HAL_SPI_GetState
 .text.SPI_DMAAbortOnError
                0x080059d0       0x28 ./Drivers/STM32F4xx_HAL_Driver/Src/stm32f4xx_hal_spi.o
 .text.SPI_2linesRxISR_8BIT
                0x080059f8       0x64 ./Drivers/STM32F4xx_HAL_Driver/Src/stm32f4xx_hal_spi.o
 .text.SPI_2linesTxISR_8BIT
                0x08005a5c       0x60 ./Drivers/STM32F4xx_HAL_Driver/Src/stm32f4xx_hal_spi.o
 .text.SPI_2linesRxISR_16BIT
                0x08005abc       0x60 ./Drivers/STM32F4xx_HAL_Driver/Src/stm32f4xx_hal_spi.o
 .text.SPI_2linesTxISR_16BIT
                0x08005b1c       0x5e ./Drivers/STM32F4xx_HAL_Driver/Src/stm32f4xx_hal_spi.o
 *fill*         0x08005b7a        0x2 
 .text.SPI_WaitFlagStateUntilTimeout
                0x08005b7c      0x110 ./Drivers/STM32F4xx_HAL_Driver/Src/stm32f4xx_hal_spi.o
 .text.SPI_EndRxTxTransaction
                0x08005c8c       0xa8 ./Drivers/STM32F4xx_HAL_Driver/Src/stm32f4xx_hal_spi.o
 .text.SPI_CloseRxTx_ISR
                0x08005d34       0xe8 ./Drivers/STM32F4xx_HAL_Driver/Src/stm32f4xx_hal_spi.o
 .text.SPI_AbortRx_ISR
                0x08005e1c       0x90 ./Drivers/STM32F4xx_HAL_Driver/Src/stm32f4xx_hal_spi.o
 .text.SPI_AbortTx_ISR
                0x08005eac       0x3c ./Drivers/STM32F4xx_HAL_Driver/Src/stm32f4xx_hal_spi.o
 .text.HAL_UART_Init
                0x08005ee8       0xa0 ./Drivers/STM32F4xx_HAL_Driver/Src/stm32f4xx_hal_uart.o
                0x08005ee8                HAL_UART_Init
 .text.UART_SetConfig
                0x08005f88      0x4e8 ./Drivers/STM32F4xx_HAL_Driver/Src/stm32f4xx_hal_uart.o
 .text.memset   0x08006470       0x10 C:/ST/STM32CubeIDE/STM32CubeIDE/plugins/com.st.stm32cube.ide.mcu.externaltools.gnu-tools-for-stm32.13.3.rel1.win32_1.0.100.202509120712/tools/bin/../lib/gcc/arm-none-eabi/13.3.1/../../../../arm-none-eabi/lib/thumb/v7e-m+fp/hard\libc_nano.a(libc_a-memset.o)
                0x08006470                memset
 .text.__errno  0x08006480        0xc C:/ST/STM32CubeIDE/STM32CubeIDE/plugins/com.st.stm32cube.ide.mcu.externaltools.gnu-tools-for-stm32.13.3.rel1.win32_1.0.100.202509120712/tools/bin/../lib/gcc/arm-none-eabi/13.3.1/../../../../arm-none-eabi/lib/thumb/v7e-m+fp/hard\libc_nano.a(libc_a-errno.o)
                0x08006480                __errno
 .text.__libc_init_array
                0x0800648c       0x48 C:/ST/STM32CubeIDE/STM32CubeIDE/plugins/com.st.stm32cube.ide.mcu.externaltools.gnu-tools-for-stm32.13.3.rel1.win32_1.0.100.202509120712/tools/bin/../lib/gcc/arm-none-eabi/13.3.1/../../../../arm-none-eabi/lib/thumb/v7e-m+fp/hard\libc_nano.a(libc_a-init.o)
                0x0800648c                __libc_init_array
 .text.memcpy   0x080064d4       0x1c C:/ST/STM32CubeIDE/STM32CubeIDE/plugins/com.st.stm32cube.ide.mcu.externaltools.gnu-tools-for-stm32.13.3.rel1.win32_1.0.100.202509120712/tools/bin/../lib/gcc/arm-none-eabi/13.3.1/../../../../arm-none-eabi/lib/thumb/v7e-m+fp/hard\libc_nano.a(libc_a-memcpy-stub.o)
                0x080064d4                memcpy
 .text.powf     0x080064f0       0xae C:/ST/STM32CubeIDE/STM32CubeIDE/plugins/com.st.stm32cube.ide.mcu.externaltools.gnu-tools-for-stm32.13.3.rel1.win32_1.0.100.202509120712/tools/bin/../lib/gcc/arm-none-eabi/13.3.1/../../../../arm-none-eabi/lib/thumb/v7e-m+fp/hard\libm.a(libm_a-wf_pow.o)
                0x080064f0                powf
 .text.finitef  0x0800659e       0x14 C:/ST/STM32CubeIDE/STM32CubeIDE/plugins/com.st.stm32cube.ide.mcu.externaltools.gnu-tools-for-stm32.13.3.rel1.win32_1.0.100.202509120712/tools/bin/../lib/gcc/arm-none-eabi/13.3.1/../../../../arm-none-eabi/lib/thumb/v7e-m+fp/hard\libm.a(libm_a-sf_finite.o)
                0x0800659e                finitef
 *fill*         0x080065b2        0x2 
 .text.__ieee754_powf
                0x080065b4      0x59c C:/ST/STM32CubeIDE/STM32CubeIDE/plugins/com.st.stm32cube.ide.mcu.externaltools.gnu-tools-for-stm32.13.3.rel1.win32_1.0.100.202509120712/tools/bin/../lib/gcc/arm-none-eabi/13.3.1/../../../../arm-none-eabi/lib/thumb/v7e-m+fp/hard\libm.a(libm_a-ef_pow.o)
                0x080065b4                __ieee754_powf
 .text.fabsf    0x08006b50        0xe C:/ST/STM32CubeIDE/STM32CubeIDE/plugins/com.st.stm32cube.ide.mcu.externaltools.gnu-tools-for-stm32.13.3.rel1.win32_1.0.100.202509120712/tools/bin/../lib/gcc/arm-none-eabi/13.3.1/../../../../arm-none-eabi/lib/thumb/v7e-m+fp/hard\libm.a(libm_a-sf_fabs.o)
                0x08006b50                fabsf
 *fill*         0x08006b5e        0x2 
 .text.scalbnf  0x08006b60       0xcc C:/ST/STM32CubeIDE/STM32CubeIDE/plugins/com.st.stm32cube.ide.mcu.externaltools.gnu-tools-for-stm32.13.3.rel1.win32_1.0.100.202509120712/tools/bin/../lib/gcc/arm-none-eabi/13.3.1/../../../../arm-none-eabi/lib/thumb/v7e-m+fp/hard\libm.a(libm_a-sf_scalbn.o)
                0x08006b60                scalbnf
 .text.with_errnof
                0x08006c2c       0x1c C:/ST/STM32CubeIDE/STM32CubeIDE/plugins/com.st.stm32cube.ide.mcu.externaltools.gnu-tools-for-stm32.13.3.rel1.win32_1.0.100.202509120712/tools/bin/../lib/gcc/arm-none-eabi/13.3.1/../../../../arm-none-eabi/lib/thumb/v7e-m+fp/hard\libm.a(libm_a-math_errf.o)
 .text.xflowf   0x08006c48       0x16 C:/ST/STM32CubeIDE/STM32CubeIDE/plugins/com.st.stm32cube.ide.mcu.externaltools.gnu-tools-for-stm32.13.3.rel1.win32_1.0.100.202509120712/tools/bin/../lib/gcc/arm-none-eabi/13.3.1/../../../../arm-none-eabi/lib/thumb/v7e-m+fp/hard\libm.a(libm_a-math_errf.o)
 *fill*         0x08006c5e        0x2 
 .text.__math_uflowf
                0x08006c60        0xc C:/ST/STM32CubeIDE/STM32CubeIDE/plugins/com.st.stm32cube.ide.mcu.externaltools.gnu-tools-for-stm32.13.3.rel1.win32_1.0.100.202509120712/tools/bin/../lib/gcc/arm-none-eabi/13.3.1/../../../../arm-none-eabi/lib/thumb/v7e-m+fp/hard\libm.a(libm_a-math_errf.o)
                0x08006c60                __math_uflowf
 .text.__math_oflowf
                0x08006c6c        0xc C:/ST/STM32CubeIDE/STM32CubeIDE/plugins/com.st.stm32cube.ide.mcu.externaltools.gnu-tools-for-stm32.13.3.rel1.win32_1.0.100.202509120712/tools/bin/../lib/gcc/arm-none-eabi/13.3.1/../../../../arm-none-eabi/lib/thumb/v7e-m+fp/hard\libm.a(libm_a-math_errf.o)
                0x08006c6c                __math_oflowf
 .text.__ieee754_sqrtf
                0x08006c78        0x6 C:/ST/STM32CubeIDE/STM32CubeIDE/plugins/com.st.stm32cube.ide.mcu.externaltools.gnu-tools-for-stm32.13.3.rel1.win32_1.0.100.202509120712/tools/bin/../lib/gcc/arm-none-eabi/13.3.1/../../../../arm-none-eabi/lib/thumb/v7e-m+fp/hard\libm.a(libm_a-ef_sqrt.o)
                0x08006c78                __ieee754_sqrtf
 *(.glue_7)
 .glue_7        0x08006c7e        0x0 linker stubs
 *(.glue_7t)
 .glue_7t       0x08006c7e        0x0 linker stubs
 *(.eh_frame)
 *fill*         0x08006c7e        0x2 
 .eh_frame      0x08006c80        0x0 C:/ST/STM32CubeIDE/STM32CubeIDE/plugins/com.st.stm32cube.ide.mcu.externaltools.gnu-tools-for-stm32.13.3.rel1.win32_1.0.100.202509120712/tools/bin/../lib/gcc/arm-none-eabi/13.3.1/thumb/v7e-m+fp/hard/crtbegin.o
 *(.init)
 .init          0x08006c80        0x4 C:/ST/STM32CubeIDE/STM32CubeIDE/plugins/com.st.stm32cube.ide.mcu.externaltools.gnu-tools-for-stm32.13.3.rel1.win32_1.0.100.202509120712/tools/bin/../lib/gcc/arm-none-eabi/13.3.1/thumb/v7e-m+fp/hard/crti.o
                0x08006c80                _init
 .init          0x08006c84        0x8 C:/ST/STM32CubeIDE/STM32CubeIDE/plugins/com.st.stm32cube.ide.mcu.externaltools.gnu-tools-for-stm32.13.3.rel1.win32_1.0.100.202509120712/tools/bin/../lib/gcc/arm-none-eabi/13.3.1/thumb/v7e-m+fp/hard/crtn.o
 *(.fini)
 .fini          0x08006c8c        0x4 C:/ST/STM32CubeIDE/STM32CubeIDE/plugins/com.st.stm32cube.ide.mcu.externaltools.gnu-tools-for-stm32.13.3.rel1.win32_1.0.100.202509120712/tools/bin/../lib/gcc/arm-none-eabi/13.3.1/thumb/v7e-m+fp/hard/crti.o
                0x08006c8c                _fini
 .fini          0x08006c90        0x8 C:/ST/STM32CubeIDE/STM32CubeIDE/plugins/com.st.stm32cube.ide.mcu.externaltools.gnu-tools-for-stm32.13.3.rel1.win32_1.0.100.202509120712/tools/bin/../lib/gcc/arm-none-eabi/13.3.1/thumb/v7e-m+fp/hard/crtn.o
                0x08006c98                        . = ALIGN (0x4)
                0x08006c98                        _etext = .

.vfp11_veneer   0x08006c98        0x0
 .vfp11_veneer  0x08006c98        0x0 linker stubs

.v4_bx          0x08006c98        0x0
 .v4_bx         0x08006c98        0x0 linker stubs

.iplt           0x08006c98        0x0
 .iplt          0x08006c98        0x0 C:/ST/STM32CubeIDE/STM32CubeIDE/plugins/com.st.stm32cube.ide.mcu.externaltools.gnu-tools-for-stm32.13.3.rel1.win32_1.0.100.202509120712/tools/bin/../lib/gcc/arm-none-eabi/13.3.1/thumb/v7e-m+fp/hard/crtbegin.o

.rodata         0x08006c98       0x94
                0x08006c98                        . = ALIGN (0x4)
 *(.rodata)
 .rodata        0x08006c98       0x24 ./App/Src/sensor_manager.o
 *(.rodata*)
 .rodata.sensorConfigDefault
                0x08006cbc       0x38 ./App/Src/sensor_manager.o
 .rodata.BMP180_CMD_PRES
                0x08006cf4        0x4 ./BSP/Src/bmp180.o
                0x08006cf4                BMP180_CMD_PRES
 .rodata.BMP180_DELAY_PRES
                0x08006cf8        0x4 ./BSP/Src/bmp180.o
                0x08006cf8                BMP180_DELAY_PRES
 .rodata.AHBPrescTable
                0x08006cfc       0x10 ./Core/Src/system_stm32f4xx.o
                0x08006cfc                AHBPrescTable
 .rodata.APBPrescTable
                0x08006d0c        0x8 ./Core/Src/system_stm32f4xx.o
                0x08006d0c                APBPrescTable
 .rodata.dp_l   0x08006d14        0x8 C:/ST/STM32CubeIDE/STM32CubeIDE/plugins/com.st.stm32cube.ide.mcu.externaltools.gnu-tools-for-stm32.13.3.rel1.win32_1.0.100.202509120712/tools/bin/../lib/gcc/arm-none-eabi/13.3.1/../../../../arm-none-eabi/lib/thumb/v7e-m+fp/hard\libm.a(libm_a-ef_pow.o)
 .rodata.dp_h   0x08006d1c        0x8 C:/ST/STM32CubeIDE/STM32CubeIDE/plugins/com.st.stm32cube.ide.mcu.externaltools.gnu-tools-for-stm32.13.3.rel1.win32_1.0.100.202509120712/tools/bin/../lib/gcc/arm-none-eabi/13.3.1/../../../../arm-none-eabi/lib/thumb/v7e-m+fp/hard\libm.a(libm_a-ef_pow.o)
 .rodata.bp     0x08006d24        0x8 C:/ST/STM32CubeIDE/STM32CubeIDE/plugins/com.st.stm32cube.ide.mcu.externaltools.gnu-tools-for-stm32.13.3.rel1.win32_1.0.100.202509120712/tools/bin/../lib/gcc/arm-none-eabi/13.3.1/../../../../arm-none-eabi/lib/thumb/v7e-m+fp/hard\libm.a(libm_a-ef_pow.o)
                0x08006d2c                        . = ALIGN (0x4)

.ARM.extab      0x08006d2c        0x0
                0x08006d2c                        . = ALIGN (0x4)
 *(.ARM.extab* .gnu.linkonce.armextab.*)
                0x08006d2c                        . = ALIGN (0x4)

.ARM            0x08006d2c        0x8
                0x08006d2c                        . = ALIGN (0x4)
                0x08006d2c                        __exidx_start = .
 *(.ARM.exidx*)
 .ARM.exidx     0x08006d2c        0x8 C:/ST/STM32CubeIDE/STM32CubeIDE/plugins/com.st.stm32cube.ide.mcu.externaltools.gnu-tools-for-stm32.13.3.rel1.win32_1.0.100.202509120712/tools/bin/../lib/gcc/arm-none-eabi/13.3.1/thumb/v7e-m+fp/hard\libgcc.a(_udivmoddi4.o)
                0x08006d34                        __exidx_end = .
                0x08006d34                        . = ALIGN (0x4)

.preinit_array  0x08006d34        0x0
                0x08006d34                        . = ALIGN (0x4)
                0x08006d34                        PROVIDE (__preinit_array_start = .)
 *(.preinit_array*)
                0x08006d34                        PROVIDE (__preinit_array_end = .)
                0x08006d34                        . = ALIGN (0x4)

.init_array     0x08006d34        0x4
                0x08006d34                        . = ALIGN (0x4)
                0x08006d34                        PROVIDE (__init_array_start = .)
 *(SORT_BY_NAME(.init_array.*))
 *(.init_array*)
 .init_array    0x08006d34        0x4 C:/ST/STM32CubeIDE/STM32CubeIDE/plugins/com.st.stm32cube.ide.mcu.externaltools.gnu-tools-for-stm32.13.3.rel1.win32_1.0.100.202509120712/tools/bin/../lib/gcc/arm-none-eabi/13.3.1/thumb/v7e-m+fp/hard/crtbegin.o
                0x08006d38                        PROVIDE (__init_array_end = .)
                0x08006d38                        . = ALIGN (0x4)

.fini_array     0x08006d38        0x4
                0x08006d38                        . = ALIGN (0x4)
                [!provide]                        PROVIDE (__fini_array_start = .)
 *(SORT_BY_NAME(.fini_array.*))
 *(.fini_array*)
 .fini_array    0x08006d38        0x4 C:/ST/STM32CubeIDE/STM32CubeIDE/plugins/com.st.stm32cube.ide.mcu.externaltools.gnu-tools-for-stm32.13.3.rel1.win32_1.0.100.202509120712/tools/bin/../lib/gcc/arm-none-eabi/13.3.1/thumb/v7e-m+fp/hard/crtbegin.o
                [!provide]                        PROVIDE (__fini_array_end = .)
                0x08006d3c                        . = ALIGN (0x4)
                0x08006d3c                        _sidata = LOADADDR (.data)

.rel.dyn        0x08006d3c        0x0
 .rel.iplt      0x08006d3c        0x0 C:/ST/STM32CubeIDE/STM32CubeIDE/plugins/com.st.stm32cube.ide.mcu.externaltools.gnu-tools-for-stm32.13.3.rel1.win32_1.0.100.202509120712/tools/bin/../lib/gcc/arm-none-eabi/13.3.1/thumb/v7e-m+fp/hard/crtbegin.o

.data           0x20000000       0x88 load address 0x08006d3c
                0x20000000                        . = ALIGN (0x4)
                0x20000000                        _sdata = .
 *(.data)
 *(.data*)
 .data.txBuff   0x20000000        0xb ./Core/Src/main.o
                0x20000000                txBuff
 *fill*         0x2000000b        0x1 
 .data.SystemCoreClock
                0x2000000c        0x4 ./Core/Src/system_stm32f4xx.o
                0x2000000c                SystemCoreClock
 .data.uwTickPrio
                0x20000010        0x4 ./Drivers/STM32F4xx_HAL_Driver/Src/stm32f4xx_hal.o
                0x20000010                uwTickPrio
 .data.uwTickFreq
                0x20000014        0x1 ./Drivers/STM32F4xx_HAL_Driver/Src/stm32f4xx_hal.o
                0x20000014                uwTickFreq
 *fill*         0x20000015        0x3 
 .data.pFlash   0x20000018       0x20 ./Drivers/STM32F4xx_HAL_Driver/Src/stm32f4xx_hal_flash.o
                0x20000018                pFlash
 .data._impure_ptr
                0x20000038        0x4 C:/ST/STM32CubeIDE/STM32CubeIDE/plugins/com.st.stm32cube.ide.mcu.externaltools.gnu-tools-for-stm32.13.3.rel1.win32_1.0.100.202509120712/tools/bin/../lib/gcc/arm-none-eabi/13.3.1/../../../../arm-none-eabi/lib/thumb/v7e-m+fp/hard\libc_nano.a(libc_a-impure.o)
                0x20000038                _impure_ptr
 .data._impure_data
                0x2000003c       0x4c C:/ST/STM32CubeIDE/STM32CubeIDE/plugins/com.st.stm32cube.ide.mcu.externaltools.gnu-tools-for-stm32.13.3.rel1.win32_1.0.100.202509120712/tools/bin/../lib/gcc/arm-none-eabi/13.3.1/../../../../arm-none-eabi/lib/thumb/v7e-m+fp/hard\libc_nano.a(libc_a-impure.o)
                0x2000003c                _impure_data
 *(.RamFunc)
 *(.RamFunc*)
                0x20000088                        . = ALIGN (0x4)
                0x20000088                        _edata = .

.igot.plt       0x20000088        0x0 load address 0x08006dc4
 .igot.plt      0x20000088        0x0 C:/ST/STM32CubeIDE/STM32CubeIDE/plugins/com.st.stm32cube.ide.mcu.externaltools.gnu-tools-for-stm32.13.3.rel1.win32_1.0.100.202509120712/tools/bin/../lib/gcc/arm-none-eabi/13.3.1/thumb/v7e-m+fp/hard/crtbegin.o
                0x20000088                        . = ALIGN (0x4)

.bss            0x20000088      0x310 load address 0x08006dc4
                0x20000088                        _sbss = .
                0x20000088                        __bss_start__ = _sbss
 *(.bss)
 .bss           0x20000088       0x1c C:/ST/STM32CubeIDE/STM32CubeIDE/plugins/com.st.stm32cube.ide.mcu.externaltools.gnu-tools-for-stm32.13.3.rel1.win32_1.0.100.202509120712/tools/bin/../lib/gcc/arm-none-eabi/13.3.1/thumb/v7e-m+fp/hard/crtbegin.o
 *(.bss*)
 .bss.snapPassive
                0x200000a4        0xb ./App/Src/comm_manager.o
                0x200000a4                snapPassive
 *fill*         0x200000af        0x1 
 .bss.snapActive
                0x200000b0        0xb ./App/Src/comm_manager.o
                0x200000b0                snapActive
 *fill*         0x200000bb        0x1 
 .bss.rxBuffer  0x200000bc        0x4 ./App/Src/comm_manager.o
                0x200000bc                rxBuffer
 .bss.lastSensorTick
                0x200000c0        0x4 ./App/Src/scheduler.o
 .bss.lastESPTick
                0x200000c4        0x4 ./App/Src/scheduler.o
 .bss.lastSaveTick
                0x200000c8        0x4 ./App/Src/scheduler.o
 .bss.lastControlTick
                0x200000cc        0x4 ./App/Src/scheduler.o
 .bss.SPI_Done_Flag
                0x200000d0        0x1 ./App/Src/scheduler.o
                0x200000d0                SPI_Done_Flag
 *fill*         0x200000d1        0x3 
 .bss.sensorConfigRuntime
                0x200000d4       0x38 ./App/Src/sensor_manager.o
 .bss.sensorState
                0x2000010c       0x10 ./App/Src/sensor_manager.o
 .bss.systemConfig
                0x2000011c       0x18 ./App/Src/sensor_manager.o
                0x2000011c                systemConfig
 .bss._bmp180_ui2c
                0x20000134        0x4 ./BSP/Src/bmp180.o
                0x20000134                _bmp180_ui2c
 .bss._bmp180_eeprom
                0x20000138       0x16 ./BSP/Src/bmp180.o
                0x20000138                _bmp180_eeprom
 .bss._bmp180_oss
                0x2000014e        0x1 ./BSP/Src/bmp180.o
                0x2000014e                _bmp180_oss
 *fill*         0x2000014f        0x1 
 .bss.hi2c2     0x20000150       0x54 ./Core/Src/main.o
                0x20000150                hi2c2
 .bss.hspi2     0x200001a4       0x58 ./Core/Src/main.o
                0x200001a4                hspi2
 .bss.huart2    0x200001fc       0x48 ./Core/Src/main.o
                0x200001fc                huart2
 .bss.rxBuff    0x20000244        0xb ./Core/Src/main.o
                0x20000244                rxBuff
 .bss.spi_restart_request
                0x2000024f        0x1 ./Core/Src/main.o
                0x2000024f                spi_restart_request
 .bss.spiBusy   0x20000250        0x4 ./Core/Src/main.o
                0x20000250                spiBusy
 .bss.spiError  0x20000254        0x4 ./Core/Src/main.o
                0x20000254                spiError
 .bss.spiState  0x20000258        0x1 ./Core/Src/main.o
                0x20000258                spiState
 .bss.halState  0x20000259        0x1 ./Core/Src/main.o
                0x20000259                halState
 *fill*         0x2000025a        0x2 
 .bss.uwTick    0x2000025c        0x4 ./Drivers/STM32F4xx_HAL_Driver/Src/stm32f4xx_hal.o
                0x2000025c                uwTick
 .bss.__sf      0x20000260      0x138 C:/ST/STM32CubeIDE/STM32CubeIDE/plugins/com.st.stm32cube.ide.mcu.externaltools.gnu-tools-for-stm32.13.3.rel1.win32_1.0.100.202509120712/tools/bin/../lib/gcc/arm-none-eabi/13.3.1/../../../../arm-none-eabi/lib/thumb/v7e-m+fp/hard\libc_nano.a(libc_a-findfp.o)
                0x20000260                __sf
 *(COMMON)
                0x20000398                        . = ALIGN (0x4)
                0x20000398                        _ebss = .
                0x20000398                        __bss_end__ = _ebss

._user_heap_stack
                0x20000398      0x600 load address 0x08006dc4
                0x20000398                        . = ALIGN (0x8)
                [!provide]                        PROVIDE (end = .)
                0x20000398                        PROVIDE (_end = .)
                0x20000598                        . = (. + _Min_Heap_Size)
 *fill*         0x20000398      0x200 
                0x20000998                        . = (. + _Min_Stack_Size)
 *fill*         0x20000598      0x400 
                0x20000998                        . = ALIGN (0x8)

/DISCARD/
 libc.a(*)
 libm.a(*)
 libgcc.a(*)

.ARM.attributes
                0x00000000       0x30
 *(.ARM.attributes)
 .ARM.attributes
                0x00000000       0x22 C:/ST/STM32CubeIDE/STM32CubeIDE/plugins/com.st.stm32cube.ide.mcu.externaltools.gnu-tools-for-stm32.13.3.rel1.win32_1.0.100.202509120712/tools/bin/../lib/gcc/arm-none-eabi/13.3.1/thumb/v7e-m+fp/hard/crti.o
 .ARM.attributes
                0x00000022       0x34 C:/ST/STM32CubeIDE/STM32CubeIDE/plugins/com.st.stm32cube.ide.mcu.externaltools.gnu-tools-for-stm32.13.3.rel1.win32_1.0.100.202509120712/tools/bin/../lib/gcc/arm-none-eabi/13.3.1/thumb/v7e-m+fp/hard/crtbegin.o
 .ARM.attributes
                0x00000056       0x34 ./App/Src/actuator_manager.o
 .ARM.attributes
                0x0000008a       0x34 ./App/Src/comm_manager.o
 .ARM.attributes
                0x000000be       0x34 ./App/Src/config_store.o
 .ARM.attributes
                0x000000f2       0x34 ./App/Src/control_loop.o
 .ARM.attributes
                0x00000126       0x34 ./App/Src/scheduler.o
 .ARM.attributes
                0x0000015a       0x34 ./App/Src/sensor_manager.o
 .ARM.attributes
                0x0000018e       0x34 ./BSP/Src/bmp180.o
 .ARM.attributes
                0x000001c2       0x34 ./BSP/Src/sensor_hw.o
 .ARM.attributes
                0x000001f6       0x34 ./Core/Src/main.o
 .ARM.attributes
                0x0000022a       0x34 ./Core/Src/stm32f4xx_hal_msp.o
 .ARM.attributes
                0x0000025e       0x34 ./Core/Src/stm32f4xx_it.o
 .ARM.attributes
                0x00000292       0x34 ./Core/Src/system_stm32f4xx.o
 .ARM.attributes
                0x000002c6       0x21 ./Core/Startup/startup_stm32f411retx.o
 .ARM.attributes
                0x000002e7       0x34 ./Drivers/STM32F4xx_HAL_Driver/Src/stm32f4xx_hal.o
 .ARM.attributes
                0x0000031b       0x34 ./Drivers/STM32F4xx_HAL_Driver/Src/stm32f4xx_hal_cortex.o
 .ARM.attributes
                0x0000034f       0x34 ./Drivers/STM32F4xx_HAL_Driver/Src/stm32f4xx_hal_dma.o
 .ARM.attributes
                0x00000383       0x34 ./Drivers/STM32F4xx_HAL_Driver/Src/stm32f4xx_hal_flash.o
 .ARM.attributes
                0x000003b7       0x34 ./Drivers/STM32F4xx_HAL_Driver/Src/stm32f4xx_hal_flash_ex.o
 .ARM.attributes
                0x000003eb       0x34 ./Drivers/STM32F4xx_HAL_Driver/Src/stm32f4xx_hal_gpio.o
 .ARM.attributes
                0x0000041f       0x34 ./Drivers/STM32F4xx_HAL_Driver/Src/stm32f4xx_hal_i2c.o
 .ARM.attributes
                0x00000453       0x34 ./Drivers/STM32F4xx_HAL_Driver/Src/stm32f4xx_hal_rcc.o
 .ARM.attributes
                0x00000487       0x34 ./Drivers/STM32F4xx_HAL_Driver/Src/stm32f4xx_hal_spi.o
 .ARM.attributes
                0x000004bb       0x34 ./Drivers/STM32F4xx_HAL_Driver/Src/stm32f4xx_hal_uart.o
 .ARM.attributes
                0x000004ef       0x34 C:/ST/STM32CubeIDE/STM32CubeIDE/plugins/com.st.stm32cube.ide.mcu.externaltools.gnu-tools-for-stm32.13.3.rel1.win32_1.0.100.202509120712/tools/bin/../lib/gcc/arm-none-eabi/13.3.1/../../../../arm-none-eabi/lib/thumb/v7e-m+fp/hard\libc_nano.a(libc_a-findfp.o)
 .ARM.attributes
                0x00000523       0x34 C:/ST/STM32CubeIDE/STM32CubeIDE/plugins/com.st.stm32cube.ide.mcu.externaltools.gnu-tools-for-stm32.13.3.rel1.win32_1.0.100.202509120712/tools/bin/../lib/gcc/arm-none-eabi/13.3.1/../../../../arm-none-eabi/lib/thumb/v7e-m+fp/hard\libc_nano.a(libc_a-memset.o)
 .ARM.attributes
                0x00000557       0x34 C:/ST/STM32CubeIDE/STM32CubeIDE/plugins/com.st.stm32cube.ide.mcu.externaltools.gnu-tools-for-stm32.13.3.rel1.win32_1.0.100.202509120712/tools/bin/../lib/gcc/arm-none-eabi/13.3.1/../../../../arm-none-eabi/lib/thumb/v7e-m+fp/hard\libc_nano.a(libc_a-impure.o)
 .ARM.attributes
                0x0000058b       0x34 C:/ST/STM32CubeIDE/STM32CubeIDE/plugins/com.st.stm32cube.ide.mcu.externaltools.gnu-tools-for-stm32.13.3.rel1.win32_1.0.100.202509120712/tools/bin/../lib/gcc/arm-none-eabi/13.3.1/../../../../arm-none-eabi/lib/thumb/v7e-m+fp/hard\libc_nano.a(libc_a-errno.o)
 .ARM.attributes
                0x000005bf       0x34 C:/ST/STM32CubeIDE/STM32CubeIDE/plugins/com.st.stm32cube.ide.mcu.externaltools.gnu-tools-for-stm32.13.3.rel1.win32_1.0.100.202509120712/tools/bin/../lib/gcc/arm-none-eabi/13.3.1/../../../../arm-none-eabi/lib/thumb/v7e-m+fp/hard\libc_nano.a(libc_a-init.o)
 .ARM.attributes
                0x000005f3       0x34 C:/ST/STM32CubeIDE/STM32CubeIDE/plugins/com.st.stm32cube.ide.mcu.externaltools.gnu-tools-for-stm32.13.3.rel1.win32_1.0.100.202509120712/tools/bin/../lib/gcc/arm-none-eabi/13.3.1/../../../../arm-none-eabi/lib/thumb/v7e-m+fp/hard\libc_nano.a(libc_a-memcpy-stub.o)
 .ARM.attributes
                0x00000627       0x34 C:/ST/STM32CubeIDE/STM32CubeIDE/plugins/com.st.stm32cube.ide.mcu.externaltools.gnu-tools-for-stm32.13.3.rel1.win32_1.0.100.202509120712/tools/bin/../lib/gcc/arm-none-eabi/13.3.1/../../../../arm-none-eabi/lib/thumb/v7e-m+fp/hard\libm.a(libm_a-wf_pow.o)
 .ARM.attributes
                0x0000065b       0x34 C:/ST/STM32CubeIDE/STM32CubeIDE/plugins/com.st.stm32cube.ide.mcu.externaltools.gnu-tools-for-stm32.13.3.rel1.win32_1.0.100.202509120712/tools/bin/../lib/gcc/arm-none-eabi/13.3.1/../../../../arm-none-eabi/lib/thumb/v7e-m+fp/hard\libm.a(libm_a-sf_finite.o)
 .ARM.attributes
                0x0000068f       0x34 C:/ST/STM32CubeIDE/STM32CubeIDE/plugins/com.st.stm32cube.ide.mcu.externaltools.gnu-tools-for-stm32.13.3.rel1.win32_1.0.100.202509120712/tools/bin/../lib/gcc/arm-none-eabi/13.3.1/../../../../arm-none-eabi/lib/thumb/v7e-m+fp/hard\libm.a(libm_a-ef_pow.o)
 .ARM.attributes
                0x000006c3       0x34 C:/ST/STM32CubeIDE/STM32CubeIDE/plugins/com.st.stm32cube.ide.mcu.externaltools.gnu-tools-for-stm32.13.3.rel1.win32_1.0.100.202509120712/tools/bin/../lib/gcc/arm-none-eabi/13.3.1/../../../../arm-none-eabi/lib/thumb/v7e-m+fp/hard\libm.a(libm_a-sf_fabs.o)
 .ARM.attributes
                0x000006f7       0x34 C:/ST/STM32CubeIDE/STM32CubeIDE/plugins/com.st.stm32cube.ide.mcu.externaltools.gnu-tools-for-stm32.13.3.rel1.win32_1.0.100.202509120712/tools/bin/../lib/gcc/arm-none-eabi/13.3.1/../../../../arm-none-eabi/lib/thumb/v7e-m+fp/hard\libm.a(libm_a-sf_scalbn.o)
 .ARM.attributes
                0x0000072b       0x34 C:/ST/STM32CubeIDE/STM32CubeIDE/plugins/com.st.stm32cube.ide.mcu.externaltools.gnu-tools-for-stm32.13.3.rel1.win32_1.0.100.202509120712/tools/bin/../lib/gcc/arm-none-eabi/13.3.1/../../../../arm-none-eabi/lib/thumb/v7e-m+fp/hard\libm.a(libm_a-math_errf.o)
 .ARM.attributes
                0x0000075f       0x34 C:/ST/STM32CubeIDE/STM32CubeIDE/plugins/com.st.stm32cube.ide.mcu.externaltools.gnu-tools-for-stm32.13.3.rel1.win32_1.0.100.202509120712/tools/bin/../lib/gcc/arm-none-eabi/13.3.1/../../../../arm-none-eabi/lib/thumb/v7e-m+fp/hard\libm.a(libm_a-ef_sqrt.o)
 .ARM.attributes
                0x00000793       0x22 C:/ST/STM32CubeIDE/STM32CubeIDE/plugins/com.st.stm32cube.ide.mcu.externaltools.gnu-tools-for-stm32.13.3.rel1.win32_1.0.100.202509120712/tools/bin/../lib/gcc/arm-none-eabi/13.3.1/thumb/v7e-m+fp/hard\libgcc.a(_arm_addsubdf3.o)
 .ARM.attributes
                0x000007b5       0x22 C:/ST/STM32CubeIDE/STM32CubeIDE/plugins/com.st.stm32cube.ide.mcu.externaltools.gnu-tools-for-stm32.13.3.rel1.win32_1.0.100.202509120712/tools/bin/../lib/gcc/arm-none-eabi/13.3.1/thumb/v7e-m+fp/hard\libgcc.a(_arm_muldivdf3.o)
 .ARM.attributes
                0x000007d7       0x22 C:/ST/STM32CubeIDE/STM32CubeIDE/plugins/com.st.stm32cube.ide.mcu.externaltools.gnu-tools-for-stm32.13.3.rel1.win32_1.0.100.202509120712/tools/bin/../lib/gcc/arm-none-eabi/13.3.1/thumb/v7e-m+fp/hard\libgcc.a(_arm_truncdfsf2.o)
 .ARM.attributes
                0x000007f9       0x22 C:/ST/STM32CubeIDE/STM32CubeIDE/plugins/com.st.stm32cube.ide.mcu.externaltools.gnu-tools-for-stm32.13.3.rel1.win32_1.0.100.202509120712/tools/bin/../lib/gcc/arm-none-eabi/13.3.1/thumb/v7e-m+fp/hard\libgcc.a(_aeabi_uldivmod.o)
 .ARM.attributes
                0x0000081b       0x34 C:/ST/STM32CubeIDE/STM32CubeIDE/plugins/com.st.stm32cube.ide.mcu.externaltools.gnu-tools-for-stm32.13.3.rel1.win32_1.0.100.202509120712/tools/bin/../lib/gcc/arm-none-eabi/13.3.1/thumb/v7e-m+fp/hard\libgcc.a(_udivmoddi4.o)
 .ARM.attributes
                0x0000084f       0x22 C:/ST/STM32CubeIDE/STM32CubeIDE/plugins/com.st.stm32cube.ide.mcu.externaltools.gnu-tools-for-stm32.13.3.rel1.win32_1.0.100.202509120712/tools/bin/../lib/gcc/arm-none-eabi/13.3.1/thumb/v7e-m+fp/hard\libgcc.a(_dvmd_tls.o)
 .ARM.attributes
                0x00000871       0x22 C:/ST/STM32CubeIDE/STM32CubeIDE/plugins/com.st.stm32cube.ide.mcu.externaltools.gnu-tools-for-stm32.13.3.rel1.win32_1.0.100.202509120712/tools/bin/../lib/gcc/arm-none-eabi/13.3.1/thumb/v7e-m+fp/hard/crtn.o
OUTPUT(hydro-stm.elf elf32-littlearm)
LOAD linker stubs
LOAD C:/ST/STM32CubeIDE/STM32CubeIDE/plugins/com.st.stm32cube.ide.mcu.externaltools.gnu-tools-for-stm32.13.3.rel1.win32_1.0.100.202509120712/tools/bin/../lib/gcc/arm-none-eabi/13.3.1/../../../../arm-none-eabi/lib/thumb/v7e-m+fp/hard\libc.a
LOAD C:/ST/STM32CubeIDE/STM32CubeIDE/plugins/com.st.stm32cube.ide.mcu.externaltools.gnu-tools-for-stm32.13.3.rel1.win32_1.0.100.202509120712/tools/bin/../lib/gcc/arm-none-eabi/13.3.1/../../../../arm-none-eabi/lib/thumb/v7e-m+fp/hard\libm.a
LOAD C:/ST/STM32CubeIDE/STM32CubeIDE/plugins/com.st.stm32cube.ide.mcu.externaltools.gnu-tools-for-stm32.13.3.rel1.win32_1.0.100.202509120712/tools/bin/../lib/gcc/arm-none-eabi/13.3.1/thumb/v7e-m+fp/hard\libgcc.a

.debug_info     0x00000000    0x10008
 .debug_info    0x00000000      0x25e ./App/Src/actuator_manager.o
 .debug_info    0x0000025e      0x74d ./App/Src/comm_manager.o
 .debug_info    0x000009ab      0x3b7 ./App/Src/config_store.o
 .debug_info    0x00000d62      0x2b2 ./App/Src/control_loop.o
 .debug_info    0x00001014      0x4a4 ./App/Src/scheduler.o
 .debug_info    0x000014b8      0x628 ./App/Src/sensor_manager.o
 .debug_info    0x00001ae0      0xad7 ./BSP/Src/bmp180.o
 .debug_info    0x000025b7      0x179 ./BSP/Src/sensor_hw.o
 .debug_info    0x00002730     0x16da ./Core/Src/main.o
 .debug_info    0x00003e0a     0x1142 ./Core/Src/stm32f4xx_hal_msp.o
 .debug_info    0x00004f4c      0x698 ./Core/Src/stm32f4xx_it.o
 .debug_info    0x000055e4      0x53e ./Core/Src/system_stm32f4xx.o
 .debug_info    0x00005b22       0x30 ./Core/Startup/startup_stm32f411retx.o
 .debug_info    0x00005b52      0x8c4 ./Drivers/STM32F4xx_HAL_Driver/Src/stm32f4xx_hal.o
 .debug_info    0x00006416      0xcfc ./Drivers/STM32F4xx_HAL_Driver/Src/stm32f4xx_hal_cortex.o
 .debug_info    0x00007112      0x8e6 ./Drivers/STM32F4xx_HAL_Driver/Src/stm32f4xx_hal_dma.o
 .debug_info    0x000079f8      0x58c ./Drivers/STM32F4xx_HAL_Driver/Src/stm32f4xx_hal_flash.o
 .debug_info    0x00007f84      0x7db ./Drivers/STM32F4xx_HAL_Driver/Src/stm32f4xx_hal_flash_ex.o
 .debug_info    0x0000875f      0x6f9 ./Drivers/STM32F4xx_HAL_Driver/Src/stm32f4xx_hal_gpio.o
 .debug_info    0x00008e58     0x2426 ./Drivers/STM32F4xx_HAL_Driver/Src/stm32f4xx_hal_i2c.o
 .debug_info    0x0000b27e      0x904 ./Drivers/STM32F4xx_HAL_Driver/Src/stm32f4xx_hal_rcc.o
 .debug_info    0x0000bb82     0x1530 ./Drivers/STM32F4xx_HAL_Driver/Src/stm32f4xx_hal_spi.o
 .debug_info    0x0000d0b2     0x2f56 ./Drivers/STM32F4xx_HAL_Driver/Src/stm32f4xx_hal_uart.o

.debug_abbrev   0x00000000     0x2ea3
 .debug_abbrev  0x00000000      0x161 ./App/Src/actuator_manager.o
 .debug_abbrev  0x00000161      0x2ae ./App/Src/comm_manager.o
 .debug_abbrev  0x0000040f      0x198 ./App/Src/config_store.o
 .debug_abbrev  0x000005a7       0xba ./App/Src/control_loop.o
 .debug_abbrev  0x00000661      0x195 ./App/Src/scheduler.o
 .debug_abbrev  0x000007f6      0x1c4 ./App/Src/sensor_manager.o
 .debug_abbrev  0x000009ba      0x27b ./BSP/Src/bmp180.o
 .debug_abbrev  0x00000c35      0x100 ./BSP/Src/sensor_hw.o
 .debug_abbrev  0x00000d35      0x337 ./Core/Src/main.o
 .debug_abbrev  0x0000106c      0x208 ./Core/Src/stm32f4xx_hal_msp.o
 .debug_abbrev  0x00001274      0x197 ./Core/Src/stm32f4xx_it.o
 .debug_abbrev  0x0000140b      0x11a ./Core/Src/system_stm32f4xx.o
 .debug_abbrev  0x00001525       0x24 ./Core/Startup/startup_stm32f411retx.o
 .debug_abbrev  0x00001549      0x24b ./Drivers/STM32F4xx_HAL_Driver/Src/stm32f4xx_hal.o
 .debug_abbrev  0x00001794      0x31d ./Drivers/STM32F4xx_HAL_Driver/Src/stm32f4xx_hal_cortex.o
 .debug_abbrev  0x00001ab1      0x221 ./Drivers/STM32F4xx_HAL_Driver/Src/stm32f4xx_hal_dma.o
 .debug_abbrev  0x00001cd2      0x28d ./Drivers/STM32F4xx_HAL_Driver/Src/stm32f4xx_hal_flash.o
 .debug_abbrev  0x00001f5f      0x26e ./Drivers/STM32F4xx_HAL_Driver/Src/stm32f4xx_hal_flash_ex.o
 .debug_abbrev  0x000021cd      0x1d3 ./Drivers/STM32F4xx_HAL_Driver/Src/stm32f4xx_hal_gpio.o
 .debug_abbrev  0x000023a0      0x2bc ./Drivers/STM32F4xx_HAL_Driver/Src/stm32f4xx_hal_i2c.o
 .debug_abbrev  0x0000265c      0x2b6 ./Drivers/STM32F4xx_HAL_Driver/Src/stm32f4xx_hal_rcc.o
 .debug_abbrev  0x00002912      0x276 ./Drivers/STM32F4xx_HAL_Driver/Src/stm32f4xx_hal_spi.o
 .debug_abbrev  0x00002b88      0x31b ./Drivers/STM32F4xx_HAL_Driver/Src/stm32f4xx_hal_uart.o

.debug_aranges  0x00000000      0xf50
 .debug_aranges
                0x00000000       0x30 ./App/Src/actuator_manager.o
 .debug_aranges
                0x00000030       0x60 ./App/Src/comm_manager.o
 .debug_aranges
                0x00000090       0x38 ./App/Src/config_store.o
 .debug_aranges
                0x000000c8       0x20 ./App/Src/control_loop.o
 .debug_aranges
                0x000000e8       0x30 ./App/Src/scheduler.o
 .debug_aranges
                0x00000118       0x98 ./App/Src/sensor_manager.o
 .debug_aranges
                0x000001b0       0x68 ./BSP/Src/bmp180.o
 .debug_aranges
                0x00000218       0x30 ./BSP/Src/sensor_hw.o
 .debug_aranges
                0x00000248       0x80 ./Core/Src/main.o
 .debug_aranges
                0x000002c8       0x50 ./Core/Src/stm32f4xx_hal_msp.o
 .debug_aranges
                0x00000318       0x70 ./Core/Src/stm32f4xx_it.o
 .debug_aranges
                0x00000388       0x28 ./Core/Src/system_stm32f4xx.o
 .debug_aranges
                0x000003b0       0x28 ./Core/Startup/startup_stm32f411retx.o
 .debug_aranges
                0x000003d8       0xf0 ./Drivers/STM32F4xx_HAL_Driver/Src/stm32f4xx_hal.o
 .debug_aranges
                0x000004c8      0x130 ./Drivers/STM32F4xx_HAL_Driver/Src/stm32f4xx_hal_cortex.o
 .debug_aranges
                0x000005f8       0x90 ./Drivers/STM32F4xx_HAL_Driver/Src/stm32f4xx_hal_dma.o
 .debug_aranges
                0x00000688       0xa0 ./Drivers/STM32F4xx_HAL_Driver/Src/stm32f4xx_hal_flash.o
 .debug_aranges
                0x00000728       0xc8 ./Drivers/STM32F4xx_HAL_Driver/Src/stm32f4xx_hal_flash_ex.o
 .debug_aranges
                0x000007f0       0x58 ./Drivers/STM32F4xx_HAL_Driver/Src/stm32f4xx_hal_gpio.o
 .debug_aranges
                0x00000848      0x2a8 ./Drivers/STM32F4xx_HAL_Driver/Src/stm32f4xx_hal_i2c.o
 .debug_aranges
                0x00000af0       0x88 ./Drivers/STM32F4xx_HAL_Driver/Src/stm32f4xx_hal_rcc.o
 .debug_aranges
                0x00000b78      0x1d0 ./Drivers/STM32F4xx_HAL_Driver/Src/stm32f4xx_hal_spi.o
 .debug_aranges
                0x00000d48      0x208 ./Drivers/STM32F4xx_HAL_Driver/Src/stm32f4xx_hal_uart.o

.debug_rnglists
                0x00000000      0xbcc
 .debug_rnglists
                0x00000000       0x1f ./App/Src/actuator_manager.o
 .debug_rnglists
                0x0000001f       0x45 ./App/Src/comm_manager.o
 .debug_rnglists
                0x00000064       0x26 ./App/Src/config_store.o
 .debug_rnglists
                0x0000008a       0x14 ./App/Src/control_loop.o
 .debug_rnglists
                0x0000009e       0x1f ./App/Src/scheduler.o
 .debug_rnglists
                0x000000bd       0x70 ./App/Src/sensor_manager.o
 .debug_rnglists
                0x0000012d       0x4c ./BSP/Src/bmp180.o
 .debug_rnglists
                0x00000179       0x1f ./BSP/Src/sensor_hw.o
 .debug_rnglists
                0x00000198       0x5f ./Core/Src/main.o
 .debug_rnglists
                0x000001f7       0x3a ./Core/Src/stm32f4xx_hal_msp.o
 .debug_rnglists
                0x00000231       0x4f ./Core/Src/stm32f4xx_it.o
 .debug_rnglists
                0x00000280       0x1a ./Core/Src/system_stm32f4xx.o
 .debug_rnglists
                0x0000029a       0x19 ./Core/Startup/startup_stm32f411retx.o
 .debug_rnglists
                0x000002b3       0xaf ./Drivers/STM32F4xx_HAL_Driver/Src/stm32f4xx_hal.o
 .debug_rnglists
                0x00000362       0xe0 ./Drivers/STM32F4xx_HAL_Driver/Src/stm32f4xx_hal_cortex.o
 .debug_rnglists
                0x00000442       0x70 ./Drivers/STM32F4xx_HAL_Driver/Src/stm32f4xx_hal_dma.o
 .debug_rnglists
                0x000004b2       0x78 ./Drivers/STM32F4xx_HAL_Driver/Src/stm32f4xx_hal_flash.o
 .debug_rnglists
                0x0000052a       0x96 ./Drivers/STM32F4xx_HAL_Driver/Src/stm32f4xx_hal_flash_ex.o
 .debug_rnglists
                0x000005c0       0x3f ./Drivers/STM32F4xx_HAL_Driver/Src/stm32f4xx_hal_gpio.o
 .debug_rnglists
                0x000005ff      0x23c ./Drivers/STM32F4xx_HAL_Driver/Src/stm32f4xx_hal_i2c.o
 .debug_rnglists
                0x0000083b       0x66 ./Drivers/STM32F4xx_HAL_Driver/Src/stm32f4xx_hal_rcc.o
 .debug_rnglists
                0x000008a1      0x16f ./Drivers/STM32F4xx_HAL_Driver/Src/stm32f4xx_hal_spi.o
 .debug_rnglists
                0x00000a10      0x1bc ./Drivers/STM32F4xx_HAL_Driver/Src/stm32f4xx_hal_uart.o

.debug_macro    0x00000000    0x1760d
 .debug_macro   0x00000000      0x1e7 ./App/Src/actuator_manager.o
 .debug_macro   0x000001e7      0xad8 ./App/Src/actuator_manager.o
 .debug_macro   0x00000cbf       0x22 ./App/Src/actuator_manager.o
 .debug_macro   0x00000ce1       0x8e ./App/Src/actuator_manager.o
 .debug_macro   0x00000d6f       0x51 ./App/Src/actuator_manager.o
 .debug_macro   0x00000dc0      0x103 ./App/Src/actuator_manager.o
 .debug_macro   0x00000ec3       0x6a ./App/Src/actuator_manager.o
 .debug_macro   0x00000f2d      0x1df ./App/Src/actuator_manager.o
 .debug_macro   0x0000110c      0x2a1 ./App/Src/actuator_manager.o
 .debug_macro   0x000013ad       0x2e ./App/Src/actuator_manager.o
 .debug_macro   0x000013db       0x28 ./App/Src/actuator_manager.o
 .debug_macro   0x00001403       0x1c ./App/Src/actuator_manager.o
 .debug_macro   0x0000141f       0x22 ./App/Src/actuator_manager.o
 .debug_macro   0x00001441       0xfb ./App/Src/actuator_manager.o
 .debug_macro   0x0000153c     0x1011 ./App/Src/actuator_manager.o
 .debug_macro   0x0000254d      0x11f ./App/Src/actuator_manager.o
 .debug_macro   0x0000266c     0xb968 ./App/Src/actuator_manager.o
 .debug_macro   0x0000dfd4       0x6d ./App/Src/actuator_manager.o
 .debug_macro   0x0000e041     0x3693 ./App/Src/actuator_manager.o
 .debug_macro   0x000116d4      0x190 ./App/Src/actuator_manager.o
 .debug_macro   0x00011864       0x5c ./App/Src/actuator_manager.o
 .debug_macro   0x000118c0      0x45c ./App/Src/actuator_manager.o
 .debug_macro   0x00011d1c      0x9e9 ./App/Src/actuator_manager.o
 .debug_macro   0x00012705      0x115 ./App/Src/actuator_manager.o
 .debug_macro   0x0001281a      0x11b ./App/Src/actuator_manager.o
 .debug_macro   0x00012935       0xa5 ./App/Src/actuator_manager.o
 .debug_macro   0x000129da      0x15f ./App/Src/actuator_manager.o
 .debug_macro   0x00012b39      0x287 ./App/Src/actuator_manager.o
 .debug_macro   0x00012dc0       0x5f ./App/Src/actuator_manager.o
 .debug_macro   0x00012e1f      0x236 ./App/Src/actuator_manager.o
 .debug_macro   0x00013055      0x132 ./App/Src/actuator_manager.o
 .debug_macro   0x00013187      0x264 ./App/Src/actuator_manager.o
 .debug_macro   0x000133eb       0x2e ./App/Src/actuator_manager.o
 .debug_macro   0x00013419      0x1b5 ./App/Src/actuator_manager.o
 .debug_macro   0x000135ce       0x22 ./App/Src/actuator_manager.o
 .debug_macro   0x000135f0       0xd6 ./App/Src/actuator_manager.o
 .debug_macro   0x000136c6      0x127 ./App/Src/actuator_manager.o
 .debug_macro   0x000137ed       0x85 ./App/Src/actuator_manager.o
 .debug_macro   0x00013872       0x89 ./App/Src/actuator_manager.o
 .debug_macro   0x000138fb      0x225 ./App/Src/actuator_manager.o
 .debug_macro   0x00013b20      0x2aa ./App/Src/actuator_manager.o
 .debug_macro   0x00013dca      0x126 ./App/Src/actuator_manager.o
 .debug_macro   0x00013ef0      0x2db ./App/Src/comm_manager.o
 .debug_macro   0x000141cb       0x5b ./App/Src/comm_manager.o
 .debug_macro   0x00014226       0x2a ./App/Src/comm_manager.o
 .debug_macro   0x00014250       0x94 ./App/Src/comm_manager.o
 .debug_macro   0x000142e4       0x43 ./App/Src/comm_manager.o
 .debug_macro   0x00014327       0x34 ./App/Src/comm_manager.o
 .debug_macro   0x0001435b       0x57 ./App/Src/comm_manager.o
 .debug_macro   0x000143b2      0x370 ./App/Src/comm_manager.o
 .debug_macro   0x00014722       0x16 ./App/Src/comm_manager.o
 .debug_macro   0x00014738       0x4a ./App/Src/comm_manager.o
 .debug_macro   0x00014782       0x34 ./App/Src/comm_manager.o
 .debug_macro   0x000147b6       0x10 ./App/Src/comm_manager.o
 .debug_macro   0x000147c6       0x58 ./App/Src/comm_manager.o
 .debug_macro   0x0001481e       0x8e ./App/Src/comm_manager.o
 .debug_macro   0x000148ac       0x1c ./App/Src/comm_manager.o
 .debug_macro   0x000148c8      0x185 ./App/Src/comm_manager.o
 .debug_macro   0x00014a4d       0x10 ./App/Src/comm_manager.o
 .debug_macro   0x00014a5d       0x3c ./App/Src/comm_manager.o
 .debug_macro   0x00014a99       0x20 ./App/Src/comm_manager.o
 .debug_macro   0x00014ab9      0x19b ./App/Src/comm_manager.o
 .debug_macro   0x00014c54       0x16 ./App/Src/comm_manager.o
 .debug_macro   0x00014c6a       0x56 ./App/Src/comm_manager.o
 .debug_macro   0x00014cc0      0x2e0 ./App/Src/config_store.o
 .debug_macro   0x00014fa0       0x10 ./App/Src/config_store.o
 .debug_macro   0x00014fb0       0x61 ./App/Src/config_store.o
 .debug_macro   0x00015011       0x90 ./App/Src/control_loop.o
 .debug_macro   0x000150a1      0x2f5 ./App/Src/scheduler.o
 .debug_macro   0x00015396       0x9e ./App/Src/sensor_manager.o
 .debug_macro   0x00015434      0x1fb ./BSP/Src/bmp180.o
 .debug_macro   0x0001562f       0x58 ./BSP/Src/bmp180.o
 .debug_macro   0x00015687       0x34 ./BSP/Src/bmp180.o
 .debug_macro   0x000156bb      0x2ba ./BSP/Src/sensor_hw.o
 .debug_macro   0x00015975      0x303 ./Core/Src/main.o
 .debug_macro   0x00015c78       0x3a ./Core/Src/main.o
 .debug_macro   0x00015cb2      0x1ec ./Core/Src/stm32f4xx_hal_msp.o
 .debug_macro   0x00015e9e      0x1f6 ./Core/Src/stm32f4xx_it.o
 .debug_macro   0x00016094      0x1dd ./Core/Src/system_stm32f4xx.o
 .debug_macro   0x00016271      0x23d ./Drivers/STM32F4xx_HAL_Driver/Src/stm32f4xx_hal.o
 .debug_macro   0x000164ae      0x1dd ./Drivers/STM32F4xx_HAL_Driver/Src/stm32f4xx_hal_cortex.o
 .debug_macro   0x0001668b      0x1e3 ./Drivers/STM32F4xx_HAL_Driver/Src/stm32f4xx_hal_dma.o
 .debug_macro   0x0001686e      0x1e3 ./Drivers/STM32F4xx_HAL_Driver/Src/stm32f4xx_hal_flash.o
 .debug_macro   0x00016a51      0x1e3 ./Drivers/STM32F4xx_HAL_Driver/Src/stm32f4xx_hal_flash_ex.o
 .debug_macro   0x00016c34      0x1e3 ./Drivers/STM32F4xx_HAL_Driver/Src/stm32f4xx_hal_gpio.o
 .debug_macro   0x00016e17      0x22b ./Drivers/STM32F4xx_HAL_Driver/Src/stm32f4xx_hal_i2c.o
 .debug_macro   0x00017042      0x201 ./Drivers/STM32F4xx_HAL_Driver/Src/stm32f4xx_hal_rcc.o
 .debug_macro   0x00017243      0x1ec ./Drivers/STM32F4xx_HAL_Driver/Src/stm32f4xx_hal_spi.o
 .debug_macro   0x0001742f      0x1de ./Drivers/STM32F4xx_HAL_Driver/Src/stm32f4xx_hal_uart.o

.debug_line     0x00000000    0x1417c
 .debug_line    0x00000000      0x7cc ./App/Src/actuator_manager.o
 .debug_line    0x000007cc      0xab1 ./App/Src/comm_manager.o
 .debug_line    0x0000127d      0x9cd ./App/Src/config_store.o
 .debug_line    0x00001c4a      0x50e ./App/Src/control_loop.o
 .debug_line    0x00002158      0x969 ./App/Src/scheduler.o
 .debug_line    0x00002ac1      0x779 ./App/Src/sensor_manager.o
 .debug_line    0x0000323a      0xbd1 ./BSP/Src/bmp180.o
 .debug_line    0x00003e0b      0x91e ./BSP/Src/sensor_hw.o
 .debug_line    0x00004729      0xbbc ./Core/Src/main.o
 .debug_line    0x000052e5      0x873 ./Core/Src/stm32f4xx_hal_msp.o
 .debug_line    0x00005b58      0x828 ./Core/Src/stm32f4xx_it.o
 .debug_line    0x00006380      0x7db ./Core/Src/system_stm32f4xx.o
 .debug_line    0x00006b5b       0x7a ./Core/Startup/startup_stm32f411retx.o
 .debug_line    0x00006bd5      0xa57 ./Drivers/STM32F4xx_HAL_Driver/Src/stm32f4xx_hal.o
 .debug_line    0x0000762c      0xd27 ./Drivers/STM32F4xx_HAL_Driver/Src/stm32f4xx_hal_cortex.o
 .debug_line    0x00008353      0xfc3 ./Drivers/STM32F4xx_HAL_Driver/Src/stm32f4xx_hal_dma.o
 .debug_line    0x00009316      0xb0a ./Drivers/STM32F4xx_HAL_Driver/Src/stm32f4xx_hal_flash.o
 .debug_line    0x00009e20      0xc0a ./Drivers/STM32F4xx_HAL_Driver/Src/stm32f4xx_hal_flash_ex.o
 .debug_line    0x0000aa2a      0xb73 ./Drivers/STM32F4xx_HAL_Driver/Src/stm32f4xx_hal_gpio.o
 .debug_line    0x0000b59d     0x3b04 ./Drivers/STM32F4xx_HAL_Driver/Src/stm32f4xx_hal_i2c.o
 .debug_line    0x0000f0a1      0xe66 ./Drivers/STM32F4xx_HAL_Driver/Src/stm32f4xx_hal_rcc.o
 .debug_line    0x0000ff07     0x1cd6 ./Drivers/STM32F4xx_HAL_Driver/Src/stm32f4xx_hal_spi.o
 .debug_line    0x00011bdd     0x259f ./Drivers/STM32F4xx_HAL_Driver/Src/stm32f4xx_hal_uart.o

.debug_str      0x00000000    0x8b1a1
 .debug_str     0x00000000    0x8b1a1 ./App/Src/actuator_manager.o
                              0x82f5c (size before relaxing)
 .debug_str     0x0008b1a1        0x0 ./App/Src/comm_manager.o
                              0x86f52 (size before relaxing)
 .debug_str     0x0008b1a1        0x0 ./App/Src/config_store.o
                              0x8629b (size before relaxing)
 .debug_str     0x0008b1a1        0x0 ./App/Src/control_loop.o
                               0x3fc8 (size before relaxing)
 .debug_str     0x0008b1a1        0x0 ./App/Src/scheduler.o
                              0x86e9a (size before relaxing)
 .debug_str     0x0008b1a1        0x0 ./App/Src/sensor_manager.o
                               0x4122 (size before relaxing)
 .debug_str     0x0008b1a1        0x0 ./BSP/Src/bmp180.o
                              0x838bc (size before relaxing)
 .debug_str     0x0008b1a1        0x0 ./BSP/Src/sensor_hw.o
                              0x86aa8 (size before relaxing)
 .debug_str     0x0008b1a1        0x0 ./Core/Src/main.o
                              0x87de7 (size before relaxing)
 .debug_str     0x0008b1a1        0x0 ./Core/Src/stm32f4xx_hal_msp.o
                              0x83e17 (size before relaxing)
 .debug_str     0x0008b1a1        0x0 ./Core/Src/stm32f4xx_it.o
                              0x834e7 (size before relaxing)
 .debug_str     0x0008b1a1        0x0 ./Core/Src/system_stm32f4xx.o
                              0x8303b (size before relaxing)
 .debug_str     0x0008b1a1        0x0 ./Core/Startup/startup_stm32f411retx.o
                                 0x80 (size before relaxing)
 .debug_str     0x0008b1a1        0x0 ./Drivers/STM32F4xx_HAL_Driver/Src/stm32f4xx_hal.o
                              0x83a67 (size before relaxing)
 .debug_str     0x0008b1a1        0x0 ./Drivers/STM32F4xx_HAL_Driver/Src/stm32f4xx_hal_cortex.o
                              0x837d1 (size before relaxing)
 .debug_str     0x0008b1a1        0x0 ./Drivers/STM32F4xx_HAL_Driver/Src/stm32f4xx_hal_dma.o
                              0x83443 (size before relaxing)
 .debug_str     0x0008b1a1        0x0 ./Drivers/STM32F4xx_HAL_Driver/Src/stm32f4xx_hal_flash.o
                              0x83219 (size before relaxing)
 .debug_str     0x0008b1a1        0x0 ./Drivers/STM32F4xx_HAL_Driver/Src/stm32f4xx_hal_flash_ex.o
                              0x8333c (size before relaxing)
 .debug_str     0x0008b1a1        0x0 ./Drivers/STM32F4xx_HAL_Driver/Src/stm32f4xx_hal_gpio.o
                              0x831b6 (size before relaxing)
 .debug_str     0x0008b1a1        0x0 ./Drivers/STM32F4xx_HAL_Driver/Src/stm32f4xx_hal_i2c.o
                              0x8404c (size before relaxing)
 .debug_str     0x0008b1a1        0x0 ./Drivers/STM32F4xx_HAL_Driver/Src/stm32f4xx_hal_rcc.o
                              0x8346f (size before relaxing)
 .debug_str     0x0008b1a1        0x0 ./Drivers/STM32F4xx_HAL_Driver/Src/stm32f4xx_hal_spi.o
                              0x838f2 (size before relaxing)
 .debug_str     0x0008b1a1        0x0 ./Drivers/STM32F4xx_HAL_Driver/Src/stm32f4xx_hal_uart.o
                              0x83a3e (size before relaxing)

.comment        0x00000000       0x43
 .comment       0x00000000       0x43 ./App/Src/actuator_manager.o
                                 0x44 (size before relaxing)
 .comment       0x00000043        0x0 ./App/Src/comm_manager.o
                                 0x44 (size before relaxing)
 .comment       0x00000043        0x0 ./App/Src/config_store.o
                                 0x44 (size before relaxing)
 .comment       0x00000043        0x0 ./App/Src/control_loop.o
                                 0x44 (size before relaxing)
 .comment       0x00000043        0x0 ./App/Src/scheduler.o
                                 0x44 (size before relaxing)
 .comment       0x00000043        0x0 ./App/Src/sensor_manager.o
                                 0x44 (size before relaxing)
 .comment       0x00000043        0x0 ./BSP/Src/bmp180.o
                                 0x44 (size before relaxing)
 .comment       0x00000043        0x0 ./BSP/Src/sensor_hw.o
                                 0x44 (size before relaxing)
 .comment       0x00000043        0x0 ./Core/Src/main.o
                                 0x44 (size before relaxing)
 .comment       0x00000043        0x0 ./Core/Src/stm32f4xx_hal_msp.o
                                 0x44 (size before relaxing)
 .comment       0x00000043        0x0 ./Core/Src/stm32f4xx_it.o
                                 0x44 (size before relaxing)
 .comment       0x00000043        0x0 ./Core/Src/system_stm32f4xx.o
                                 0x44 (size before relaxing)
 .comment       0x00000043        0x0 ./Drivers/STM32F4xx_HAL_Driver/Src/stm32f4xx_hal.o
                                 0x44 (size before relaxing)
 .comment       0x00000043        0x0 ./Drivers/STM32F4xx_HAL_Driver/Src/stm32f4xx_hal_cortex.o
                                 0x44 (size before relaxing)
 .comment       0x00000043        0x0 ./Drivers/STM32F4xx_HAL_Driver/Src/stm32f4xx_hal_dma.o
                                 0x44 (size before relaxing)
 .comment       0x00000043        0x0 ./Drivers/STM32F4xx_HAL_Driver/Src/stm32f4xx_hal_flash.o
                                 0x44 (size before relaxing)
 .comment       0x00000043        0x0 ./Drivers/STM32F4xx_HAL_Driver/Src/stm32f4xx_hal_flash_ex.o
                                 0x44 (size before relaxing)
 .comment       0x00000043        0x0 ./Drivers/STM32F4xx_HAL_Driver/Src/stm32f4xx_hal_gpio.o
                                 0x44 (size before relaxing)
 .comment       0x00000043        0x0 ./Drivers/STM32F4xx_HAL_Driver/Src/stm32f4xx_hal_i2c.o
                                 0x44 (size before relaxing)
 .comment       0x00000043        0x0 ./Drivers/STM32F4xx_HAL_Driver/Src/stm32f4xx_hal_rcc.o
                                 0x44 (size before relaxing)
 .comment       0x00000043        0x0 ./Drivers/STM32F4xx_HAL_Driver/Src/stm32f4xx_hal_spi.o
                                 0x44 (size before relaxing)
 .comment       0x00000043        0x0 ./Drivers/STM32F4xx_HAL_Driver/Src/stm32f4xx_hal_uart.o
                                 0x44 (size before relaxing)

.debug_frame    0x00000000     0x42e4
 .debug_frame   0x00000000       0x84 ./App/Src/actuator_manager.o
 .debug_frame   0x00000084      0x160 ./App/Src/comm_manager.o
 .debug_frame   0x000001e4       0xac ./App/Src/config_store.o
 .debug_frame   0x00000290       0x34 ./App/Src/control_loop.o
 .debug_frame   0x000002c4       0x74 ./App/Src/scheduler.o
 .debug_frame   0x00000338      0x284 ./App/Src/sensor_manager.o
 .debug_frame   0x000005bc      0x17c ./BSP/Src/bmp180.o
 .debug_frame   0x00000738       0x74 ./BSP/Src/sensor_hw.o
 .debug_frame   0x000007ac      0x1b4 ./Core/Src/main.o
 .debug_frame   0x00000960      0x10c ./Core/Src/stm32f4xx_hal_msp.o
 .debug_frame   0x00000a6c      0x13c ./Core/Src/stm32f4xx_it.o
 .debug_frame   0x00000ba8       0x58 ./Core/Src/system_stm32f4xx.o
 .debug_frame   0x00000c00      0x374 ./Drivers/STM32F4xx_HAL_Driver/Src/stm32f4xx_hal.o
 .debug_frame   0x00000f74      0x508 ./Drivers/STM32F4xx_HAL_Driver/Src/stm32f4xx_hal_cortex.o
 .debug_frame   0x0000147c      0x250 ./Drivers/STM32F4xx_HAL_Driver/Src/stm32f4xx_hal_dma.o
 .debug_frame   0x000016cc      0x274 ./Drivers/STM32F4xx_HAL_Driver/Src/stm32f4xx_hal_flash.o
 .debug_frame   0x00001940      0x334 ./Drivers/STM32F4xx_HAL_Driver/Src/stm32f4xx_hal_flash_ex.o
 .debug_frame   0x00001c74      0x14c ./Drivers/STM32F4xx_HAL_Driver/Src/stm32f4xx_hal_gpio.o
 .debug_frame   0x00001dc0      0xc84 ./Drivers/STM32F4xx_HAL_Driver/Src/stm32f4xx_hal_i2c.o
 .debug_frame   0x00002a44      0x1f4 ./Drivers/STM32F4xx_HAL_Driver/Src/stm32f4xx_hal_rcc.o
 .debug_frame   0x00002c38      0x828 ./Drivers/STM32F4xx_HAL_Driver/Src/stm32f4xx_hal_spi.o
 .debug_frame   0x00003460      0x954 ./Drivers/STM32F4xx_HAL_Driver/Src/stm32f4xx_hal_uart.o
 .debug_frame   0x00003db4      0x144 C:/ST/STM32CubeIDE/STM32CubeIDE/plugins/com.st.stm32cube.ide.mcu.externaltools.gnu-tools-for-stm32.13.3.rel1.win32_1.0.100.202509120712/tools/bin/../lib/gcc/arm-none-eabi/13.3.1/../../../../arm-none-eabi/lib/thumb/v7e-m+fp/hard\libc_nano.a(libc_a-findfp.o)
 .debug_frame   0x00003ef8       0x20 C:/ST/STM32CubeIDE/STM32CubeIDE/plugins/com.st.stm32cube.ide.mcu.externaltools.gnu-tools-for-stm32.13.3.rel1.win32_1.0.100.202509120712/tools/bin/../lib/gcc/arm-none-eabi/13.3.1/../../../../arm-none-eabi/lib/thumb/v7e-m+fp/hard\libc_nano.a(libc_a-memset.o)
 .debug_frame   0x00003f18       0x20 C:/ST/STM32CubeIDE/STM32CubeIDE/plugins/com.st.stm32cube.ide.mcu.externaltools.gnu-tools-for-stm32.13.3.rel1.win32_1.0.100.202509120712/tools/bin/../lib/gcc/arm-none-eabi/13.3.1/../../../../arm-none-eabi/lib/thumb/v7e-m+fp/hard\libc_nano.a(libc_a-errno.o)
 .debug_frame   0x00003f38       0x2c C:/ST/STM32CubeIDE/STM32CubeIDE/plugins/com.st.stm32cube.ide.mcu.externaltools.gnu-tools-for-stm32.13.3.rel1.win32_1.0.100.202509120712/tools/bin/../lib/gcc/arm-none-eabi/13.3.1/../../../../arm-none-eabi/lib/thumb/v7e-m+fp/hard\libc_nano.a(libc_a-init.o)
 .debug_frame   0x00003f64       0x28 C:/ST/STM32CubeIDE/STM32CubeIDE/plugins/com.st.stm32cube.ide.mcu.externaltools.gnu-tools-for-stm32.13.3.rel1.win32_1.0.100.202509120712/tools/bin/../lib/gcc/arm-none-eabi/13.3.1/../../../../arm-none-eabi/lib/thumb/v7e-m+fp/hard\libc_nano.a(libc_a-memcpy-stub.o)
 .debug_frame   0x00003f8c       0x48 C:/ST/STM32CubeIDE/STM32CubeIDE/plugins/com.st.stm32cube.ide.mcu.externaltools.gnu-tools-for-stm32.13.3.rel1.win32_1.0.100.202509120712/tools/bin/../lib/gcc/arm-none-eabi/13.3.1/../../../../arm-none-eabi/lib/thumb/v7e-m+fp/hard\libm.a(libm_a-wf_pow.o)
 .debug_frame   0x00003fd4       0x20 C:/ST/STM32CubeIDE/STM32CubeIDE/plugins/com.st.stm32cube.ide.mcu.externaltools.gnu-tools-for-stm32.13.3.rel1.win32_1.0.100.202509120712/tools/bin/../lib/gcc/arm-none-eabi/13.3.1/../../../../arm-none-eabi/lib/thumb/v7e-m+fp/hard\libm.a(libm_a-sf_finite.o)
 .debug_frame   0x00003ff4       0x88 C:/ST/STM32CubeIDE/STM32CubeIDE/plugins/com.st.stm32cube.ide.mcu.externaltools.gnu-tools-for-stm32.13.3.rel1.win32_1.0.100.202509120712/tools/bin/../lib/gcc/arm-none-eabi/13.3.1/../../../../arm-none-eabi/lib/thumb/v7e-m+fp/hard\libm.a(libm_a-ef_pow.o)
 .debug_frame   0x0000407c       0x20 C:/ST/STM32CubeIDE/STM32CubeIDE/plugins/com.st.stm32cube.ide.mcu.externaltools.gnu-tools-for-stm32.13.3.rel1.win32_1.0.100.202509120712/tools/bin/../lib/gcc/arm-none-eabi/13.3.1/../../../../arm-none-eabi/lib/thumb/v7e-m+fp/hard\libm.a(libm_a-sf_fabs.o)
 .debug_frame   0x0000409c       0x20 C:/ST/STM32CubeIDE/STM32CubeIDE/plugins/com.st.stm32cube.ide.mcu.externaltools.gnu-tools-for-stm32.13.3.rel1.win32_1.0.100.202509120712/tools/bin/../lib/gcc/arm-none-eabi/13.3.1/../../../../arm-none-eabi/lib/thumb/v7e-m+fp/hard\libm.a(libm_a-sf_scalbn.o)
 .debug_frame   0x000040bc       0x88 C:/ST/STM32CubeIDE/STM32CubeIDE/plugins/com.st.stm32cube.ide.mcu.externaltools.gnu-tools-for-stm32.13.3.rel1.win32_1.0.100.202509120712/tools/bin/../lib/gcc/arm-none-eabi/13.3.1/../../../../arm-none-eabi/lib/thumb/v7e-m+fp/hard\libm.a(libm_a-math_errf.o)
 .debug_frame   0x00004144       0x20 C:/ST/STM32CubeIDE/STM32CubeIDE/plugins/com.st.stm32cube.ide.mcu.externaltools.gnu-tools-for-stm32.13.3.rel1.win32_1.0.100.202509120712/tools/bin/../lib/gcc/arm-none-eabi/13.3.1/../../../../arm-none-eabi/lib/thumb/v7e-m+fp/hard\libm.a(libm_a-ef_sqrt.o)
 .debug_frame   0x00004164       0xac C:/ST/STM32CubeIDE/STM32CubeIDE/plugins/com.st.stm32cube.ide.mcu.externaltools.gnu-tools-for-stm32.13.3.rel1.win32_1.0.100.202509120712/tools/bin/../lib/gcc/arm-none-eabi/13.3.1/thumb/v7e-m+fp/hard\libgcc.a(_arm_addsubdf3.o)
 .debug_frame   0x00004210       0x50 C:/ST/STM32CubeIDE/STM32CubeIDE/plugins/com.st.stm32cube.ide.mcu.externaltools.gnu-tools-for-stm32.13.3.rel1.win32_1.0.100.202509120712/tools/bin/../lib/gcc/arm-none-eabi/13.3.1/thumb/v7e-m+fp/hard\libgcc.a(_arm_muldivdf3.o)
 .debug_frame   0x00004260       0x24 C:/ST/STM32CubeIDE/STM32CubeIDE/plugins/com.st.stm32cube.ide.mcu.externaltools.gnu-tools-for-stm32.13.3.rel1.win32_1.0.100.202509120712/tools/bin/../lib/gcc/arm-none-eabi/13.3.1/thumb/v7e-m+fp/hard\libgcc.a(_arm_truncdfsf2.o)
 .debug_frame   0x00004284       0x2c C:/ST/STM32CubeIDE/STM32CubeIDE/plugins/com.st.stm32cube.ide.mcu.externaltools.gnu-tools-for-stm32.13.3.rel1.win32_1.0.100.202509120712/tools/bin/../lib/gcc/arm-none-eabi/13.3.1/thumb/v7e-m+fp/hard\libgcc.a(_aeabi_uldivmod.o)
 .debug_frame   0x000042b0       0x34 C:/ST/STM32CubeIDE/STM32CubeIDE/plugins/com.st.stm32cube.ide.mcu.externaltools.gnu-tools-for-stm32.13.3.rel1.win32_1.0.100.202509120712/tools/bin/../lib/gcc/arm-none-eabi/13.3.1/thumb/v7e-m+fp/hard\libgcc.a(_udivmoddi4.o)

.debug_line_str
                0x00000000       0x64
 .debug_line_str
                0x00000000       0x64 ./Core/Startup/startup_stm32f411retx.o
