../Core/Src/main.c:74:6:BMP_Init	16	static
../Core/Src/main.c:80:6:AllSensor_Init	8	static
../Core/Src/main.c:84:6:InitializeSPI	24	static
../Core/Src/main.c:103:5:main	16	static
../Core/Src/main.c:164:6:SystemClock_Config	88	static
../Core/Src/main.c:211:13:MX_I2C2_Init	8	static
../Core/Src/main.c:245:13:MX_SPI2_Init	8	static
../Core/Src/main.c:282:13:MX_USART2_UART_Init	8	static
../Core/Src/main.c:315:13:MX_GPIO_Init	48	static
../Core/Src/main.c:394:6:Error_Handler	4	static,ignoring_inline_asm
