../Core/Src/main.c:77:6:BMP_Init	16	static
../Core/Src/main.c:83:6:AllSensor_Init	8	static
../Core/Src/main.c:88:6:InitializeSPI	32	static
../Core/Src/main.c:107:5:main	16	static
../Core/Src/main.c:169:6:SystemClock_Config	88	static
../Core/Src/main.c:216:13:MX_ADC1_Init	24	static
../Core/Src/main.c:268:13:MX_I2C2_Init	8	static
../Core/Src/main.c:302:13:MX_SPI2_Init	8	static
../Core/Src/main.c:339:13:MX_USART2_UART_Init	8	static
../Core/Src/main.c:372:13:MX_GPIO_Init	48	static
../Core/Src/main.c:451:6:Error_Handler	4	static,ignoring_inline_asm
