../Core/Src/main.c:74:6:BMP_Init	16	static
../Core/Src/main.c:80:6:AllSensor_Init	8	static
../Core/Src/main.c:84:6:InitializeSPI	24	static
../Core/Src/main.c:105:5:main	16	static
../Core/Src/main.c:166:6:SystemClock_Config	88	static
../Core/Src/main.c:214:13:MX_I2C2_Init	8	static
../Core/Src/main.c:248:13:MX_SPI2_Init	8	static
../Core/Src/main.c:285:13:MX_USART2_UART_Init	8	static
../Core/Src/main.c:318:13:MX_GPIO_Init	48	static
../Core/Src/main.c:386:6:Error_Handler	4	static,ignoring_inline_asm
